---
source: crates/dora-compiler/src/evm/tests.rs
expression: "format!(\"{:#?}\", program.operations)"
snapshot_kind: text
---
[
    Push(
        (
            1,
            128,
        ),
    ),
    Dup(
        1,
    ),
    Push(
        (
            1,
            64,
        ),
    ),
    MStore,
    Push(
        (
            1,
            4,
        ),
    ),
    CalldataSize,
    Lt,
    IsZero,
    RJumpI(
        3,
    ),
    Push0,
    Dup(
        1,
    ),
    Revert,
    Push0,
    CalldataLoad,
    Push(
        (
            1,
            224,
        ),
    ),
    Shr,
    Swap(
        1,
    ),
    Dup(
        2,
    ),
    Push(
        (
            4,
            1068876235,
        ),
    ),
    Eq,
    RJumpI(
        224,
    ),
    Dup(
        2,
    ),
    Push(
        (
            4,
            2206332298,
        ),
    ),
    Eq,
    RJumpI(
        156,
    ),
    Pop,
    Push(
        (
            4,
            3500007562,
        ),
    ),
    Eq,
    RJumpI(
        4,
    ),
    Push0,
    RJump(
        65493,
    ),
    CallValue,
    RJumpI(
        135,
    ),
    Push0,
    Push(
        (
            32,
            115792089237316195423570985008687907853269984665640564039457584007913129639932,
        ),
    ),
    CalldataSize,
    Add,
    Slt,
    RJumpI(
        92,
    ),
    Push0,
    SLoad,
    Push(
        (
            32,
            115792089237316195423570985008687907853269984665640564039457584007913129639935,
        ),
    ),
    Dup(
        2,
    ),
    Eq,
    RJumpI(
        8,
    ),
    Push(
        (
            1,
            1,
        ),
    ),
    Add,
    Push0,
    SStore,
    Push0,
    Dup(
        1,
    ),
    Return,
    Push(
        (
            32,
            35408467139433450592217433187231851964531694900788300625387963629091585785856,
        ),
    ),
    Push0,
    MStore,
    Push(
        (
            1,
            17,
        ),
    ),
    Push(
        (
            1,
            4,
        ),
    ),
    MStore,
    Push(
        (
            1,
            36,
        ),
    ),
    Push0,
    Revert,
    Push0,
    Dup(
        1,
    ),
    Revert,
    Push0,
    Dup(
        1,
    ),
    Revert,
    CallValue,
    RJumpI(
        51,
    ),
    Push0,
    Push(
        (
            32,
            115792089237316195423570985008687907853269984665640564039457584007913129639932,
        ),
    ),
    CalldataSize,
    Add,
    Slt,
    RJumpI(
        8,
    ),
    Push(
        (
            1,
            32,
        ),
    ),
    Swap(
        1,
    ),
    Push0,
    SLoad,
    Dup(
        2,
    ),
    MStore,
    Return,
    Push0,
    Dup(
        1,
    ),
    Revert,
    Push0,
    Dup(
        1,
    ),
    Revert,
    CallValue,
    RJumpI(
        52,
    ),
    Push(
        (
            1,
            32,
        ),
    ),
    Push(
        (
            32,
            115792089237316195423570985008687907853269984665640564039457584007913129639932,
        ),
    ),
    CalldataSize,
    Add,
    Slt,
    RJumpI(
        8,
    ),
    Push(
        (
            1,
            4,
        ),
    ),
    CalldataLoad,
    Push0,
    SStore,
    Push0,
    Dup(
        1,
    ),
    Return,
    Push0,
    Dup(
        1,
    ),
    Revert,
    Push0,
    Dup(
        1,
    ),
    Revert,
]
