---
source: crates/dora-compiler/src/dora/tests/operations.rs
expression: op
snapshot_kind: text
---
module {
  llvm.mlir.global internal @dora_global_stack_ptr() {addr_space = 0 : i32} : !llvm.ptr
  llvm.mlir.global internal @dora_global_stack_length() {addr_space = 0 : i32} : i64
  llvm.mlir.global internal @dora_global_memory_ptr() {addr_space = 0 : i32} : !llvm.ptr
  llvm.mlir.global internal @dora_global_memory_size() {addr_space = 0 : i32} : i64
  llvm.mlir.global internal @dora_global_calldata_ptr() {addr_space = 0 : i32} : !llvm.ptr
  llvm.mlir.global internal @dora_global_calldata_size() {addr_space = 0 : i32} : i64
  llvm.mlir.global internal @dora_global_gas_counter() {addr_space = 0 : i32} : i64
  llvm.mlir.global external @dora_global_ctx_is_static() {addr_space = 0 : i32} : !llvm.ptr
  func.func private @dora_fn_debug_print(i32)
  func.func private @dora_fn_write_result(!llvm.ptr, i64, i64, i64, i8) -> !llvm.ptr
  func.func private @dora_fn_keccak256_hasher(!llvm.ptr, i64, i64, !llvm.ptr)
  func.func private @dora_fn_calldata(!llvm.ptr) -> !llvm.ptr
  func.func private @dora_fn_calldata_size(!llvm.ptr) -> i64
  func.func private @dora_fn_chainid(!llvm.ptr) -> !llvm.ptr
  func.func private @dora_fn_callvalue(!llvm.ptr, !llvm.ptr)
  func.func private @dora_fn_caller(!llvm.ptr, !llvm.ptr)
  func.func private @dora_fn_store_in_gasprice_ptr(!llvm.ptr, !llvm.ptr) -> !llvm.ptr
  func.func private @dora_fn_store_in_selfbalance_ptr(!llvm.ptr, !llvm.ptr) -> !llvm.ptr
  func.func private @dora_fn_store_in_blobbasefee_ptr(!llvm.ptr, !llvm.ptr)
  func.func private @dora_fn_gaslimit(!llvm.ptr) -> !llvm.ptr
  func.func private @dora_fn_extend_memory(!llvm.ptr, i64) -> !llvm.ptr
  func.func private @dora_fn_code_copy(!llvm.ptr, i64, i64, i64) -> !llvm.ptr
  func.func private @dora_fn_sload(!llvm.ptr, !llvm.ptr, !llvm.ptr) -> !llvm.ptr
  func.func private @dora_fn_sstore(!llvm.ptr, !llvm.ptr, !llvm.ptr, i64) -> !llvm.ptr
  func.func private @dora_fn_append_log(!llvm.ptr, i64, i64)
  func.func private @dora_fn_append_log_with_one_topic(!llvm.ptr, i64, i64, !llvm.ptr)
  func.func private @dora_fn_append_log_with_two_topics(!llvm.ptr, i64, i64, !llvm.ptr, !llvm.ptr)
  func.func private @dora_fn_append_log_with_three_topics(!llvm.ptr, i64, i64, !llvm.ptr, !llvm.ptr, !llvm.ptr)
  func.func private @dora_fn_append_log_with_four_topics(!llvm.ptr, i64, i64, !llvm.ptr, !llvm.ptr, !llvm.ptr, !llvm.ptr)
  func.func private @dora_fn_origin(!llvm.ptr, !llvm.ptr) -> !llvm.ptr
  func.func private @dora_fn_coinbase(!llvm.ptr) -> !llvm.ptr
  func.func private @dora_fn_block_number(!llvm.ptr, !llvm.ptr) -> !llvm.ptr
  func.func private @dora_fn_extcodesize(!llvm.ptr, !llvm.ptr) -> !llvm.ptr
  func.func private @dora_fn_address(!llvm.ptr) -> !llvm.ptr
  func.func private @dora_fn_prevrando(!llvm.ptr, !llvm.ptr) -> !llvm.ptr
  func.func private @dora_fn_store_in_timestamp_ptr(!llvm.ptr, !llvm.ptr) -> !llvm.ptr
  func.func private @dora_fn_store_in_basefee_ptr(!llvm.ptr, !llvm.ptr) -> !llvm.ptr
  func.func private @dora_fn_call(!llvm.ptr, i64, !llvm.ptr, !llvm.ptr, i64, i64, i64, i64, i64, i8) -> !llvm.ptr
  func.func private @dora_fn_store_in_balance(!llvm.ptr, !llvm.ptr) -> !llvm.ptr
  func.func private @dora_fn_ext_code_copy(!llvm.ptr, !llvm.ptr, i64, i64, i64) -> !llvm.ptr
  func.func private @dora_fn_blob_hash(!llvm.ptr, !llvm.ptr)
  func.func private @dora_fn_block_hash(!llvm.ptr, !llvm.ptr) -> !llvm.ptr
  func.func private @dora_fn_ext_code_hash(!llvm.ptr, !llvm.ptr) -> !llvm.ptr
  func.func private @dora_fn_create(!llvm.ptr, i64, i64, !llvm.ptr, i64) -> !llvm.ptr
  func.func private @dora_fn_create2(!llvm.ptr, i64, i64, !llvm.ptr, i64, !llvm.ptr) -> !llvm.ptr
  func.func private @dora_fn_returndata_size(!llvm.ptr) -> !llvm.ptr
  func.func private @dora_fn_returndata_copy(!llvm.ptr, i64, i64, i64) -> !llvm.ptr
  func.func private @dora_fn_selfdestruct(!llvm.ptr, !llvm.ptr) -> !llvm.ptr
  func.func private @dora_fn_transient_storage_read(!llvm.ptr, !llvm.ptr, !llvm.ptr) -> !llvm.ptr
  func.func private @dora_fn_transient_storage_write(!llvm.ptr, !llvm.ptr, !llvm.ptr) -> !llvm.ptr
  func.func public @main(%arg0: !llvm.ptr, %arg1: i64) -> i8 attributes {llvm.emit_c_interface} {
    %c1024_i256 = arith.constant 1024 : i256
    %0 = llvm.alloca %c1024_i256 x i256 : (i256) -> !llvm.ptr
    %1 = llvm.mlir.addressof @dora_global_stack_ptr : !llvm.ptr
    llvm.store %0, %1 : !llvm.ptr, !llvm.ptr
    %c0_i64 = arith.constant 0 : i64
    %2 = llvm.mlir.addressof @dora_global_stack_length : !llvm.ptr
    llvm.store %c0_i64, %2 : i64, !llvm.ptr
    %c0_i64_0 = arith.constant 0 : i64
    %3 = llvm.mlir.addressof @dora_global_memory_size : !llvm.ptr
    llvm.store %c0_i64_0, %3 : i64, !llvm.ptr
    %4 = call @dora_fn_calldata(%arg0) : (!llvm.ptr) -> !llvm.ptr
    %5 = llvm.mlir.addressof @dora_global_calldata_ptr : !llvm.ptr
    llvm.store %4, %5 : !llvm.ptr, !llvm.ptr
    %6 = call @dora_fn_calldata_size(%arg0) : (!llvm.ptr) -> i64
    %7 = llvm.mlir.addressof @dora_global_calldata_size : !llvm.ptr
    llvm.store %6, %7 : i64, !llvm.ptr
    %8 = llvm.mlir.addressof @dora_global_gas_counter : !llvm.ptr
    llvm.store %arg1, %8 : i64, !llvm.ptr
    cf.br ^bb5
  ^bb1(%9: i8):  // 79 preds: ^bb2, ^bb4, ^bb5, ^bb8, ^bb9, ^bb11, ^bb14, ^bb15, ^bb18, ^bb19, ^bb22, ^bb23, ^bb25, ^bb28, ^bb29, ^bb32, ^bb33, ^bb36, ^bb37, ^bb39, ^bb42, ^bb43, ^bb46, ^bb47, ^bb50, ^bb51, ^bb54, ^bb55, ^bb57, ^bb58, ^bb59, ^bb61, ^bb62, ^bb63, ^bb65, ^bb66, ^bb69, ^bb70, ^bb73, ^bb74, ^bb77, ^bb78, ^bb81, ^bb82, ^bb85, ^bb86, ^bb89, ^bb90, ^bb92, ^bb93, ^bb94, ^bb95, ^bb96, ^bb99, ^bb100, ^bb102, ^bb103, ^bb106, ^bb107, ^bb110, ^bb111, ^bb112, ^bb114, ^bb115, ^bb116, ^bb118, ^bb119, ^bb120, ^bb122, ^bb123, ^bb124, ^bb125, ^bb126, ^bb128, ^bb129, ^bb130, ^bb132, ^bb133, ^bb134
    %c0_i64_1 = arith.constant 0 : i64
    %10 = llvm.mlir.addressof @dora_global_gas_counter : !llvm.ptr
    %11 = llvm.load %10 : !llvm.ptr -> i64
    %12 = call @dora_fn_write_result(%arg0, %c0_i64_1, %c0_i64_1, %11, %9) : (!llvm.ptr, i64, i64, i64, i8) -> !llvm.ptr
    return %9 : i8
  ^bb2(%13: i256):  // no predecessors
    %c89_i8 = arith.constant 89 : i8
    cf.switch %13 : i256, [
      default: ^bb1(%c89_i8 : i8)
    ]
  ^bb3:  // pred: ^bb4
    %c57669888194366464517598830424248860356609074394020202793089226410191109488639_i256 = arith.constant 57669888194366464517598830424248860356609074394020202793089226410191109488639 : i256
    %14 = llvm.mlir.addressof @dora_global_stack_ptr : !llvm.ptr
    %15 = llvm.load %14 : !llvm.ptr -> !llvm.ptr
    llvm.store %c57669888194366464517598830424248860356609074394020202793089226410191109488639_i256, %15 : i256, !llvm.ptr
    %16 = llvm.getelementptr %15[1] : (!llvm.ptr) -> !llvm.ptr, i256
    llvm.store %16, %14 : !llvm.ptr, !llvm.ptr
    cf.br ^bb9
  ^bb4:  // pred: ^bb6
    %17 = llvm.mlir.addressof @dora_global_stack_length : !llvm.ptr
    %c1024_i64 = arith.constant 1024 : i64
    %18 = llvm.load %17 : !llvm.ptr -> i64
    %c1_i64 = arith.constant 1 : i64
    %19 = arith.addi %18, %c1_i64 : i64
    llvm.store %19, %17 : i64, !llvm.ptr
    %20 = arith.cmpi ult, %c1024_i64, %19 : i64
    %c92_i8 = arith.constant 92 : i8
    cf.cond_br %20, ^bb1(%c92_i8 : i8), ^bb3
  ^bb5:  // pred: ^bb0
    %21 = llvm.mlir.addressof @dora_global_gas_counter : !llvm.ptr
    %22 = llvm.load %21 : !llvm.ptr -> i64
    %c3_i64 = arith.constant 3 : i64
    %23 = arith.cmpi uge, %22, %c3_i64 : i64
    %c80_i8 = arith.constant 80 : i8
    cf.cond_br %23, ^bb6, ^bb1(%c80_i8 : i8)
  ^bb6:  // pred: ^bb5
    %24 = arith.subi %22, %c3_i64 : i64
    llvm.store %24, %21 : i64, !llvm.ptr
    cf.br ^bb4
  ^bb7:  // pred: ^bb8
    %c0_i256 = arith.constant 0 : i256
    %25 = llvm.mlir.addressof @dora_global_stack_ptr : !llvm.ptr
    %26 = llvm.load %25 : !llvm.ptr -> !llvm.ptr
    llvm.store %c0_i256, %26 : i256, !llvm.ptr
    %27 = llvm.getelementptr %26[1] : (!llvm.ptr) -> !llvm.ptr, i256
    llvm.store %27, %25 : !llvm.ptr, !llvm.ptr
    cf.br ^bb15
  ^bb8:  // pred: ^bb10
    %28 = llvm.mlir.addressof @dora_global_stack_length : !llvm.ptr
    %c1024_i64_2 = arith.constant 1024 : i64
    %29 = llvm.load %28 : !llvm.ptr -> i64
    %c1_i64_3 = arith.constant 1 : i64
    %30 = arith.addi %29, %c1_i64_3 : i64
    llvm.store %30, %28 : i64, !llvm.ptr
    %31 = arith.cmpi ult, %c1024_i64_2, %30 : i64
    %c92_i8_4 = arith.constant 92 : i8
    cf.cond_br %31, ^bb1(%c92_i8_4 : i8), ^bb7
  ^bb9:  // pred: ^bb3
    %32 = llvm.mlir.addressof @dora_global_gas_counter : !llvm.ptr
    %33 = llvm.load %32 : !llvm.ptr -> i64
    %c3_i64_5 = arith.constant 3 : i64
    %34 = arith.cmpi uge, %33, %c3_i64_5 : i64
    %c80_i8_6 = arith.constant 80 : i8
    cf.cond_br %34, ^bb10, ^bb1(%c80_i8_6 : i8)
  ^bb10:  // pred: ^bb9
    %35 = arith.subi %33, %c3_i64_5 : i64
    llvm.store %35, %32 : i64, !llvm.ptr
    cf.br ^bb8
  ^bb11:  // pred: ^bb14
    %36 = llvm.mlir.addressof @dora_global_stack_ptr : !llvm.ptr
    %37 = llvm.load %36 : !llvm.ptr -> !llvm.ptr
    %38 = llvm.getelementptr %37[-1] : (!llvm.ptr) -> !llvm.ptr, i256
    %39 = llvm.load %38 : !llvm.ptr -> i256
    llvm.store %38, %36 : !llvm.ptr, !llvm.ptr
    %40 = llvm.mlir.addressof @dora_global_stack_ptr : !llvm.ptr
    %41 = llvm.load %40 : !llvm.ptr -> !llvm.ptr
    %42 = llvm.getelementptr %41[-1] : (!llvm.ptr) -> !llvm.ptr, i256
    %43 = llvm.load %42 : !llvm.ptr -> i256
    llvm.store %42, %40 : !llvm.ptr, !llvm.ptr
    %44 = arith.trunci %39 : i256 to i64
    %c0_i64_7 = arith.constant 0 : i64
    %45 = arith.cmpi slt, %44, %c0_i64_7 : i64
    %c84_i8 = arith.constant 84 : i8
    cf.cond_br %45, ^bb1(%c84_i8 : i8), ^bb12
  ^bb12:  // pred: ^bb11
    %c32_i64 = arith.constant 32 : i64
    %c0_i64_8 = arith.constant 0 : i64
    %46 = arith.cmpi ne, %c32_i64, %c0_i64_8 : i64
    cf.cond_br %46, ^bb110, ^bb13
  ^bb13:  // 2 preds: ^bb12, ^bb113
    %47 = llvm.mlir.addressof @dora_global_memory_ptr : !llvm.ptr
    %48 = llvm.load %47 : !llvm.ptr -> !llvm.ptr
    %49 = llvm.getelementptr %48[%44] : (!llvm.ptr, i64) -> !llvm.ptr, i8
    %50 = llvm.intr.bswap(%43)  : (i256) -> i256
    llvm.store %50, %49 {alignment = 1 : i64} : i256, !llvm.ptr
    cf.br ^bb19
  ^bb14:  // pred: ^bb16
    %51 = llvm.mlir.addressof @dora_global_stack_length : !llvm.ptr
    %c1024_i64_9 = arith.constant 1024 : i64
    %52 = llvm.load %51 : !llvm.ptr -> i64
    %c-2_i64 = arith.constant -2 : i64
    %53 = arith.addi %52, %c-2_i64 : i64
    llvm.store %53, %51 : i64, !llvm.ptr
    %c2_i64 = arith.constant 2 : i64
    %54 = arith.cmpi ult, %52, %c2_i64 : i64
    %c91_i8 = arith.constant 91 : i8
    cf.cond_br %54, ^bb1(%c91_i8 : i8), ^bb11
  ^bb15:  // pred: ^bb7
    %55 = llvm.mlir.addressof @dora_global_gas_counter : !llvm.ptr
    %56 = llvm.load %55 : !llvm.ptr -> i64
    %c3_i64_10 = arith.constant 3 : i64
    %57 = arith.cmpi uge, %56, %c3_i64_10 : i64
    %c80_i8_11 = arith.constant 80 : i8
    cf.cond_br %57, ^bb16, ^bb1(%c80_i8_11 : i8)
  ^bb16:  // pred: ^bb15
    %58 = arith.subi %56, %c3_i64_10 : i64
    llvm.store %58, %55 : i64, !llvm.ptr
    cf.br ^bb14
  ^bb17:  // pred: ^bb18
    %c-282693306169198560872784742741978202424711039104693490077813924759764729856_i256 = arith.constant -282693306169198560872784742741978202424711039104693490077813924759764729856 : i256
    %59 = llvm.mlir.addressof @dora_global_stack_ptr : !llvm.ptr
    %60 = llvm.load %59 : !llvm.ptr -> !llvm.ptr
    llvm.store %c-282693306169198560872784742741978202424711039104693490077813924759764729856_i256, %60 : i256, !llvm.ptr
    %61 = llvm.getelementptr %60[1] : (!llvm.ptr) -> !llvm.ptr, i256
    llvm.store %61, %59 : !llvm.ptr, !llvm.ptr
    cf.br ^bb23
  ^bb18:  // pred: ^bb20
    %62 = llvm.mlir.addressof @dora_global_stack_length : !llvm.ptr
    %c1024_i64_12 = arith.constant 1024 : i64
    %63 = llvm.load %62 : !llvm.ptr -> i64
    %c1_i64_13 = arith.constant 1 : i64
    %64 = arith.addi %63, %c1_i64_13 : i64
    llvm.store %64, %62 : i64, !llvm.ptr
    %65 = arith.cmpi ult, %c1024_i64_12, %64 : i64
    %c92_i8_14 = arith.constant 92 : i8
    cf.cond_br %65, ^bb1(%c92_i8_14 : i8), ^bb17
  ^bb19:  // pred: ^bb13
    %66 = llvm.mlir.addressof @dora_global_gas_counter : !llvm.ptr
    %67 = llvm.load %66 : !llvm.ptr -> i64
    %c3_i64_15 = arith.constant 3 : i64
    %68 = arith.cmpi uge, %67, %c3_i64_15 : i64
    %c80_i8_16 = arith.constant 80 : i8
    cf.cond_br %68, ^bb20, ^bb1(%c80_i8_16 : i8)
  ^bb20:  // pred: ^bb19
    %69 = arith.subi %67, %c3_i64_15 : i64
    llvm.store %69, %66 : i64, !llvm.ptr
    cf.br ^bb18
  ^bb21:  // pred: ^bb22
    %c32_i256 = arith.constant 32 : i256
    %70 = llvm.mlir.addressof @dora_global_stack_ptr : !llvm.ptr
    %71 = llvm.load %70 : !llvm.ptr -> !llvm.ptr
    llvm.store %c32_i256, %71 : i256, !llvm.ptr
    %72 = llvm.getelementptr %71[1] : (!llvm.ptr) -> !llvm.ptr, i256
    llvm.store %72, %70 : !llvm.ptr, !llvm.ptr
    cf.br ^bb29
  ^bb22:  // pred: ^bb24
    %73 = llvm.mlir.addressof @dora_global_stack_length : !llvm.ptr
    %c1024_i64_17 = arith.constant 1024 : i64
    %74 = llvm.load %73 : !llvm.ptr -> i64
    %c1_i64_18 = arith.constant 1 : i64
    %75 = arith.addi %74, %c1_i64_18 : i64
    llvm.store %75, %73 : i64, !llvm.ptr
    %76 = arith.cmpi ult, %c1024_i64_17, %75 : i64
    %c92_i8_19 = arith.constant 92 : i8
    cf.cond_br %76, ^bb1(%c92_i8_19 : i8), ^bb21
  ^bb23:  // pred: ^bb17
    %77 = llvm.mlir.addressof @dora_global_gas_counter : !llvm.ptr
    %78 = llvm.load %77 : !llvm.ptr -> i64
    %c3_i64_20 = arith.constant 3 : i64
    %79 = arith.cmpi uge, %78, %c3_i64_20 : i64
    %c80_i8_21 = arith.constant 80 : i8
    cf.cond_br %79, ^bb24, ^bb1(%c80_i8_21 : i8)
  ^bb24:  // pred: ^bb23
    %80 = arith.subi %78, %c3_i64_20 : i64
    llvm.store %80, %77 : i64, !llvm.ptr
    cf.br ^bb22
  ^bb25:  // pred: ^bb28
    %81 = llvm.mlir.addressof @dora_global_stack_ptr : !llvm.ptr
    %82 = llvm.load %81 : !llvm.ptr -> !llvm.ptr
    %83 = llvm.getelementptr %82[-1] : (!llvm.ptr) -> !llvm.ptr, i256
    %84 = llvm.load %83 : !llvm.ptr -> i256
    llvm.store %83, %81 : !llvm.ptr, !llvm.ptr
    %85 = llvm.mlir.addressof @dora_global_stack_ptr : !llvm.ptr
    %86 = llvm.load %85 : !llvm.ptr -> !llvm.ptr
    %87 = llvm.getelementptr %86[-1] : (!llvm.ptr) -> !llvm.ptr, i256
    %88 = llvm.load %87 : !llvm.ptr -> i256
    llvm.store %87, %85 : !llvm.ptr, !llvm.ptr
    %89 = arith.trunci %84 : i256 to i64
    %c0_i64_22 = arith.constant 0 : i64
    %90 = arith.cmpi slt, %89, %c0_i64_22 : i64
    %c84_i8_23 = arith.constant 84 : i8
    cf.cond_br %90, ^bb1(%c84_i8_23 : i8), ^bb26
  ^bb26:  // pred: ^bb25
    %c32_i64_24 = arith.constant 32 : i64
    %c0_i64_25 = arith.constant 0 : i64
    %91 = arith.cmpi ne, %c32_i64_24, %c0_i64_25 : i64
    cf.cond_br %91, ^bb114, ^bb27
  ^bb27:  // 2 preds: ^bb26, ^bb117
    %92 = llvm.mlir.addressof @dora_global_memory_ptr : !llvm.ptr
    %93 = llvm.load %92 : !llvm.ptr -> !llvm.ptr
    %94 = llvm.getelementptr %93[%89] : (!llvm.ptr, i64) -> !llvm.ptr, i8
    %95 = llvm.intr.bswap(%88)  : (i256) -> i256
    llvm.store %95, %94 {alignment = 1 : i64} : i256, !llvm.ptr
    cf.br ^bb33
  ^bb28:  // pred: ^bb30
    %96 = llvm.mlir.addressof @dora_global_stack_length : !llvm.ptr
    %c1024_i64_26 = arith.constant 1024 : i64
    %97 = llvm.load %96 : !llvm.ptr -> i64
    %c-2_i64_27 = arith.constant -2 : i64
    %98 = arith.addi %97, %c-2_i64_27 : i64
    llvm.store %98, %96 : i64, !llvm.ptr
    %c2_i64_28 = arith.constant 2 : i64
    %99 = arith.cmpi ult, %97, %c2_i64_28 : i64
    %c91_i8_29 = arith.constant 91 : i8
    cf.cond_br %99, ^bb1(%c91_i8_29 : i8), ^bb25
  ^bb29:  // pred: ^bb21
    %100 = llvm.mlir.addressof @dora_global_gas_counter : !llvm.ptr
    %101 = llvm.load %100 : !llvm.ptr -> i64
    %c3_i64_30 = arith.constant 3 : i64
    %102 = arith.cmpi uge, %101, %c3_i64_30 : i64
    %c80_i8_31 = arith.constant 80 : i8
    cf.cond_br %102, ^bb30, ^bb1(%c80_i8_31 : i8)
  ^bb30:  // pred: ^bb29
    %103 = arith.subi %101, %c3_i64_30 : i64
    llvm.store %103, %100 : i64, !llvm.ptr
    cf.br ^bb28
  ^bb31:  // pred: ^bb32
    %c10123276409175967808859434475862811765392092841461775252157603250176_i256 = arith.constant 10123276409175967808859434475862811765392092841461775252157603250176 : i256
    %104 = llvm.mlir.addressof @dora_global_stack_ptr : !llvm.ptr
    %105 = llvm.load %104 : !llvm.ptr -> !llvm.ptr
    llvm.store %c10123276409175967808859434475862811765392092841461775252157603250176_i256, %105 : i256, !llvm.ptr
    %106 = llvm.getelementptr %105[1] : (!llvm.ptr) -> !llvm.ptr, i256
    llvm.store %106, %104 : !llvm.ptr, !llvm.ptr
    cf.br ^bb37
  ^bb32:  // pred: ^bb34
    %107 = llvm.mlir.addressof @dora_global_stack_length : !llvm.ptr
    %c1024_i64_32 = arith.constant 1024 : i64
    %108 = llvm.load %107 : !llvm.ptr -> i64
    %c1_i64_33 = arith.constant 1 : i64
    %109 = arith.addi %108, %c1_i64_33 : i64
    llvm.store %109, %107 : i64, !llvm.ptr
    %110 = arith.cmpi ult, %c1024_i64_32, %109 : i64
    %c92_i8_34 = arith.constant 92 : i8
    cf.cond_br %110, ^bb1(%c92_i8_34 : i8), ^bb31
  ^bb33:  // pred: ^bb27
    %111 = llvm.mlir.addressof @dora_global_gas_counter : !llvm.ptr
    %112 = llvm.load %111 : !llvm.ptr -> i64
    %c3_i64_35 = arith.constant 3 : i64
    %113 = arith.cmpi uge, %112, %c3_i64_35 : i64
    %c80_i8_36 = arith.constant 80 : i8
    cf.cond_br %113, ^bb34, ^bb1(%c80_i8_36 : i8)
  ^bb34:  // pred: ^bb33
    %114 = arith.subi %112, %c3_i64_35 : i64
    llvm.store %114, %111 : i64, !llvm.ptr
    cf.br ^bb32
  ^bb35:  // pred: ^bb36
    %c64_i256 = arith.constant 64 : i256
    %115 = llvm.mlir.addressof @dora_global_stack_ptr : !llvm.ptr
    %116 = llvm.load %115 : !llvm.ptr -> !llvm.ptr
    llvm.store %c64_i256, %116 : i256, !llvm.ptr
    %117 = llvm.getelementptr %116[1] : (!llvm.ptr) -> !llvm.ptr, i256
    llvm.store %117, %115 : !llvm.ptr, !llvm.ptr
    cf.br ^bb43
  ^bb36:  // pred: ^bb38
    %118 = llvm.mlir.addressof @dora_global_stack_length : !llvm.ptr
    %c1024_i64_37 = arith.constant 1024 : i64
    %119 = llvm.load %118 : !llvm.ptr -> i64
    %c1_i64_38 = arith.constant 1 : i64
    %120 = arith.addi %119, %c1_i64_38 : i64
    llvm.store %120, %118 : i64, !llvm.ptr
    %121 = arith.cmpi ult, %c1024_i64_37, %120 : i64
    %c92_i8_39 = arith.constant 92 : i8
    cf.cond_br %121, ^bb1(%c92_i8_39 : i8), ^bb35
  ^bb37:  // pred: ^bb31
    %122 = llvm.mlir.addressof @dora_global_gas_counter : !llvm.ptr
    %123 = llvm.load %122 : !llvm.ptr -> i64
    %c3_i64_40 = arith.constant 3 : i64
    %124 = arith.cmpi uge, %123, %c3_i64_40 : i64
    %c80_i8_41 = arith.constant 80 : i8
    cf.cond_br %124, ^bb38, ^bb1(%c80_i8_41 : i8)
  ^bb38:  // pred: ^bb37
    %125 = arith.subi %123, %c3_i64_40 : i64
    llvm.store %125, %122 : i64, !llvm.ptr
    cf.br ^bb36
  ^bb39:  // pred: ^bb42
    %126 = llvm.mlir.addressof @dora_global_stack_ptr : !llvm.ptr
    %127 = llvm.load %126 : !llvm.ptr -> !llvm.ptr
    %128 = llvm.getelementptr %127[-1] : (!llvm.ptr) -> !llvm.ptr, i256
    %129 = llvm.load %128 : !llvm.ptr -> i256
    llvm.store %128, %126 : !llvm.ptr, !llvm.ptr
    %130 = llvm.mlir.addressof @dora_global_stack_ptr : !llvm.ptr
    %131 = llvm.load %130 : !llvm.ptr -> !llvm.ptr
    %132 = llvm.getelementptr %131[-1] : (!llvm.ptr) -> !llvm.ptr, i256
    %133 = llvm.load %132 : !llvm.ptr -> i256
    llvm.store %132, %130 : !llvm.ptr, !llvm.ptr
    %134 = arith.trunci %129 : i256 to i64
    %c0_i64_42 = arith.constant 0 : i64
    %135 = arith.cmpi slt, %134, %c0_i64_42 : i64
    %c84_i8_43 = arith.constant 84 : i8
    cf.cond_br %135, ^bb1(%c84_i8_43 : i8), ^bb40
  ^bb40:  // pred: ^bb39
    %c32_i64_44 = arith.constant 32 : i64
    %c0_i64_45 = arith.constant 0 : i64
    %136 = arith.cmpi ne, %c32_i64_44, %c0_i64_45 : i64
    cf.cond_br %136, ^bb118, ^bb41
  ^bb41:  // 2 preds: ^bb40, ^bb121
    %137 = llvm.mlir.addressof @dora_global_memory_ptr : !llvm.ptr
    %138 = llvm.load %137 : !llvm.ptr -> !llvm.ptr
    %139 = llvm.getelementptr %138[%134] : (!llvm.ptr, i64) -> !llvm.ptr, i8
    %140 = llvm.intr.bswap(%133)  : (i256) -> i256
    llvm.store %140, %139 {alignment = 1 : i64} : i256, !llvm.ptr
    cf.br ^bb47
  ^bb42:  // pred: ^bb44
    %141 = llvm.mlir.addressof @dora_global_stack_length : !llvm.ptr
    %c1024_i64_46 = arith.constant 1024 : i64
    %142 = llvm.load %141 : !llvm.ptr -> i64
    %c-2_i64_47 = arith.constant -2 : i64
    %143 = arith.addi %142, %c-2_i64_47 : i64
    llvm.store %143, %141 : i64, !llvm.ptr
    %c2_i64_48 = arith.constant 2 : i64
    %144 = arith.cmpi ult, %142, %c2_i64_48 : i64
    %c91_i8_49 = arith.constant 91 : i8
    cf.cond_br %144, ^bb1(%c91_i8_49 : i8), ^bb39
  ^bb43:  // pred: ^bb35
    %145 = llvm.mlir.addressof @dora_global_gas_counter : !llvm.ptr
    %146 = llvm.load %145 : !llvm.ptr -> i64
    %c3_i64_50 = arith.constant 3 : i64
    %147 = arith.cmpi uge, %146, %c3_i64_50 : i64
    %c80_i8_51 = arith.constant 80 : i8
    cf.cond_br %147, ^bb44, ^bb1(%c80_i8_51 : i8)
  ^bb44:  // pred: ^bb43
    %148 = arith.subi %146, %c3_i64_50 : i64
    llvm.store %148, %145 : i64, !llvm.ptr
    cf.br ^bb42
  ^bb45:  // pred: ^bb46
    %c77_i256 = arith.constant 77 : i256
    %149 = llvm.mlir.addressof @dora_global_stack_ptr : !llvm.ptr
    %150 = llvm.load %149 : !llvm.ptr -> !llvm.ptr
    llvm.store %c77_i256, %150 : i256, !llvm.ptr
    %151 = llvm.getelementptr %150[1] : (!llvm.ptr) -> !llvm.ptr, i256
    llvm.store %151, %149 : !llvm.ptr, !llvm.ptr
    cf.br ^bb51
  ^bb46:  // pred: ^bb48
    %152 = llvm.mlir.addressof @dora_global_stack_length : !llvm.ptr
    %c1024_i64_52 = arith.constant 1024 : i64
    %153 = llvm.load %152 : !llvm.ptr -> i64
    %c1_i64_53 = arith.constant 1 : i64
    %154 = arith.addi %153, %c1_i64_53 : i64
    llvm.store %154, %152 : i64, !llvm.ptr
    %155 = arith.cmpi ult, %c1024_i64_52, %154 : i64
    %c92_i8_54 = arith.constant 92 : i8
    cf.cond_br %155, ^bb1(%c92_i8_54 : i8), ^bb45
  ^bb47:  // pred: ^bb41
    %156 = llvm.mlir.addressof @dora_global_gas_counter : !llvm.ptr
    %157 = llvm.load %156 : !llvm.ptr -> i64
    %c3_i64_55 = arith.constant 3 : i64
    %158 = arith.cmpi uge, %157, %c3_i64_55 : i64
    %c80_i8_56 = arith.constant 80 : i8
    cf.cond_br %158, ^bb48, ^bb1(%c80_i8_56 : i8)
  ^bb48:  // pred: ^bb47
    %159 = arith.subi %157, %c3_i64_55 : i64
    llvm.store %159, %156 : i64, !llvm.ptr
    cf.br ^bb46
  ^bb49:  // pred: ^bb50
    %c0_i256_57 = arith.constant 0 : i256
    %160 = llvm.mlir.addressof @dora_global_stack_ptr : !llvm.ptr
    %161 = llvm.load %160 : !llvm.ptr -> !llvm.ptr
    llvm.store %c0_i256_57, %161 : i256, !llvm.ptr
    %162 = llvm.getelementptr %161[1] : (!llvm.ptr) -> !llvm.ptr, i256
    llvm.store %162, %160 : !llvm.ptr, !llvm.ptr
    cf.br ^bb55
  ^bb50:  // pred: ^bb52
    %163 = llvm.mlir.addressof @dora_global_stack_length : !llvm.ptr
    %c1024_i64_58 = arith.constant 1024 : i64
    %164 = llvm.load %163 : !llvm.ptr -> i64
    %c1_i64_59 = arith.constant 1 : i64
    %165 = arith.addi %164, %c1_i64_59 : i64
    llvm.store %165, %163 : i64, !llvm.ptr
    %166 = arith.cmpi ult, %c1024_i64_58, %165 : i64
    %c92_i8_60 = arith.constant 92 : i8
    cf.cond_br %166, ^bb1(%c92_i8_60 : i8), ^bb49
  ^bb51:  // pred: ^bb45
    %167 = llvm.mlir.addressof @dora_global_gas_counter : !llvm.ptr
    %168 = llvm.load %167 : !llvm.ptr -> i64
    %c3_i64_61 = arith.constant 3 : i64
    %169 = arith.cmpi uge, %168, %c3_i64_61 : i64
    %c80_i8_62 = arith.constant 80 : i8
    cf.cond_br %169, ^bb52, ^bb1(%c80_i8_62 : i8)
  ^bb52:  // pred: ^bb51
    %170 = arith.subi %168, %c3_i64_61 : i64
    llvm.store %170, %167 : i64, !llvm.ptr
    cf.br ^bb50
  ^bb53:  // pred: ^bb54
    %c0_i256_63 = arith.constant 0 : i256
    %171 = llvm.mlir.addressof @dora_global_stack_ptr : !llvm.ptr
    %172 = llvm.load %171 : !llvm.ptr -> !llvm.ptr
    llvm.store %c0_i256_63, %172 : i256, !llvm.ptr
    %173 = llvm.getelementptr %172[1] : (!llvm.ptr) -> !llvm.ptr, i256
    llvm.store %173, %171 : !llvm.ptr, !llvm.ptr
    cf.br ^bb66
  ^bb54:  // pred: ^bb56
    %174 = llvm.mlir.addressof @dora_global_stack_length : !llvm.ptr
    %c1024_i64_64 = arith.constant 1024 : i64
    %175 = llvm.load %174 : !llvm.ptr -> i64
    %c1_i64_65 = arith.constant 1 : i64
    %176 = arith.addi %175, %c1_i64_65 : i64
    llvm.store %176, %174 : i64, !llvm.ptr
    %177 = arith.cmpi ult, %c1024_i64_64, %176 : i64
    %c92_i8_66 = arith.constant 92 : i8
    cf.cond_br %177, ^bb1(%c92_i8_66 : i8), ^bb53
  ^bb55:  // pred: ^bb49
    %178 = llvm.mlir.addressof @dora_global_gas_counter : !llvm.ptr
    %179 = llvm.load %178 : !llvm.ptr -> i64
    %c3_i64_67 = arith.constant 3 : i64
    %180 = arith.cmpi uge, %179, %c3_i64_67 : i64
    %c80_i8_68 = arith.constant 80 : i8
    cf.cond_br %180, ^bb56, ^bb1(%c80_i8_68 : i8)
  ^bb56:  // pred: ^bb55
    %181 = arith.subi %179, %c3_i64_67 : i64
    llvm.store %181, %178 : i64, !llvm.ptr
    cf.br ^bb54
  ^bb57:  // pred: ^bb65
    %182 = llvm.mlir.addressof @dora_global_stack_ptr : !llvm.ptr
    %183 = llvm.load %182 : !llvm.ptr -> !llvm.ptr
    %184 = llvm.getelementptr %183[-1] : (!llvm.ptr) -> !llvm.ptr, i256
    %185 = llvm.load %184 : !llvm.ptr -> i256
    llvm.store %184, %182 : !llvm.ptr, !llvm.ptr
    %186 = llvm.mlir.addressof @dora_global_stack_ptr : !llvm.ptr
    %187 = llvm.load %186 : !llvm.ptr -> !llvm.ptr
    %188 = llvm.getelementptr %187[-1] : (!llvm.ptr) -> !llvm.ptr, i256
    %189 = llvm.load %188 : !llvm.ptr -> i256
    llvm.store %188, %186 : !llvm.ptr, !llvm.ptr
    %190 = llvm.mlir.addressof @dora_global_stack_ptr : !llvm.ptr
    %191 = llvm.load %190 : !llvm.ptr -> !llvm.ptr
    %192 = llvm.getelementptr %191[-1] : (!llvm.ptr) -> !llvm.ptr, i256
    %193 = llvm.load %192 : !llvm.ptr -> i256
    llvm.store %192, %190 : !llvm.ptr, !llvm.ptr
    %194 = llvm.mlir.addressof @dora_global_ctx_is_static : !llvm.ptr
    %195 = llvm.load %194 : !llvm.ptr -> i1
    %c87_i8 = arith.constant 87 : i8
    cf.cond_br %195, ^bb1(%c87_i8 : i8), ^bb58
  ^bb58:  // pred: ^bb57
    %196 = arith.trunci %189 : i256 to i64
    %c0_i64_69 = arith.constant 0 : i64
    %197 = arith.cmpi slt, %196, %c0_i64_69 : i64
    %c84_i8_70 = arith.constant 84 : i8
    cf.cond_br %197, ^bb1(%c84_i8_70 : i8), ^bb59
  ^bb59:  // pred: ^bb58
    %198 = arith.trunci %193 : i256 to i64
    %c0_i64_71 = arith.constant 0 : i64
    %199 = arith.cmpi slt, %198, %c0_i64_71 : i64
    %c84_i8_72 = arith.constant 84 : i8
    cf.cond_br %199, ^bb1(%c84_i8_72 : i8), ^bb60
  ^bb60:  // pred: ^bb59
    %c0_i64_73 = arith.constant 0 : i64
    %200 = arith.cmpi ne, %198, %c0_i64_73 : i64
    cf.cond_br %200, ^bb122, ^bb61
  ^bb61:  // 2 preds: ^bb60, ^bb127
    %c32000_i64 = arith.constant 32000 : i64
    %201 = llvm.mlir.addressof @dora_global_gas_counter : !llvm.ptr
    %202 = llvm.load %201 : !llvm.ptr -> i64
    %203 = arith.cmpi ult, %202, %c32000_i64 : i64
    scf.if %203 {
    } else {
      %524 = arith.subi %202, %c32000_i64 : i64
      llvm.store %524, %201 : i64, !llvm.ptr
    }
    %c80_i8_74 = arith.constant 80 : i8
    cf.cond_br %203, ^bb1(%c80_i8_74 : i8), ^bb62
  ^bb62:  // pred: ^bb61
    %c1_i256 = arith.constant 1 : i256
    %204 = llvm.alloca %c1_i256 x i256 : (i256) -> !llvm.ptr
    llvm.store %185, %204 {alignment = 1 : i64} : i256, !llvm.ptr
    %205 = llvm.mlir.addressof @dora_global_gas_counter : !llvm.ptr
    %206 = llvm.load %205 : !llvm.ptr -> i64
    %207 = call @dora_fn_create(%arg0, %198, %196, %204, %206) : (!llvm.ptr, i64, i64, !llvm.ptr, i64) -> !llvm.ptr
    %208 = llvm.getelementptr %207[0] : (!llvm.ptr) -> !llvm.ptr, i8
    %209 = llvm.load %208 : !llvm.ptr -> i8
    %c0_i8 = arith.constant 0 : i8
    %210 = arith.cmpi ne, %209, %c0_i8 : i8
    cf.cond_br %210, ^bb1(%209 : i8), ^bb63
  ^bb63:  // pred: ^bb62
    %211 = llvm.getelementptr %207[8] : (!llvm.ptr) -> !llvm.ptr, i8
    %212 = llvm.load %211 : !llvm.ptr -> i64
    %213 = llvm.mlir.addressof @dora_global_gas_counter : !llvm.ptr
    %214 = llvm.load %213 : !llvm.ptr -> i64
    %215 = arith.cmpi ult, %214, %212 : i64
    scf.if %215 {
    } else {
      %524 = arith.subi %214, %212 : i64
      llvm.store %524, %213 : i64, !llvm.ptr
    }
    %c80_i8_75 = arith.constant 80 : i8
    cf.cond_br %215, ^bb1(%c80_i8_75 : i8), ^bb64
  ^bb64:  // pred: ^bb63
    %216 = llvm.load %204 : !llvm.ptr -> i256
    %217 = llvm.mlir.addressof @dora_global_stack_ptr : !llvm.ptr
    %218 = llvm.load %217 : !llvm.ptr -> !llvm.ptr
    llvm.store %216, %218 : i256, !llvm.ptr
    %219 = llvm.getelementptr %218[1] : (!llvm.ptr) -> !llvm.ptr, i256
    llvm.store %219, %217 : !llvm.ptr, !llvm.ptr
    cf.br ^bb70
  ^bb65:  // pred: ^bb67
    %220 = llvm.mlir.addressof @dora_global_stack_length : !llvm.ptr
    %c1024_i64_76 = arith.constant 1024 : i64
    %221 = llvm.load %220 : !llvm.ptr -> i64
    %c-2_i64_77 = arith.constant -2 : i64
    %222 = arith.addi %221, %c-2_i64_77 : i64
    llvm.store %222, %220 : i64, !llvm.ptr
    %c3_i64_78 = arith.constant 3 : i64
    %223 = arith.cmpi ult, %221, %c3_i64_78 : i64
    %c91_i8_79 = arith.constant 91 : i8
    cf.cond_br %223, ^bb1(%c91_i8_79 : i8), ^bb57
  ^bb66:  // pred: ^bb53
    %224 = llvm.mlir.addressof @dora_global_gas_counter : !llvm.ptr
    %225 = llvm.load %224 : !llvm.ptr -> i64
    %c0_i64_80 = arith.constant 0 : i64
    %226 = arith.cmpi uge, %225, %c0_i64_80 : i64
    %c80_i8_81 = arith.constant 80 : i8
    cf.cond_br %226, ^bb67, ^bb1(%c80_i8_81 : i8)
  ^bb67:  // pred: ^bb66
    %227 = arith.subi %225, %c0_i64_80 : i64
    llvm.store %227, %224 : i64, !llvm.ptr
    cf.br ^bb65
  ^bb68:  // pred: ^bb69
    %c0_i256_82 = arith.constant 0 : i256
    %228 = llvm.mlir.addressof @dora_global_stack_ptr : !llvm.ptr
    %229 = llvm.load %228 : !llvm.ptr -> !llvm.ptr
    llvm.store %c0_i256_82, %229 : i256, !llvm.ptr
    %230 = llvm.getelementptr %229[1] : (!llvm.ptr) -> !llvm.ptr, i256
    llvm.store %230, %228 : !llvm.ptr, !llvm.ptr
    cf.br ^bb74
  ^bb69:  // pred: ^bb71
    %231 = llvm.mlir.addressof @dora_global_stack_length : !llvm.ptr
    %c1024_i64_83 = arith.constant 1024 : i64
    %232 = llvm.load %231 : !llvm.ptr -> i64
    %c1_i64_84 = arith.constant 1 : i64
    %233 = arith.addi %232, %c1_i64_84 : i64
    llvm.store %233, %231 : i64, !llvm.ptr
    %234 = arith.cmpi ult, %c1024_i64_83, %233 : i64
    %c92_i8_85 = arith.constant 92 : i8
    cf.cond_br %234, ^bb1(%c92_i8_85 : i8), ^bb68
  ^bb70:  // pred: ^bb64
    %235 = llvm.mlir.addressof @dora_global_gas_counter : !llvm.ptr
    %236 = llvm.load %235 : !llvm.ptr -> i64
    %c3_i64_86 = arith.constant 3 : i64
    %237 = arith.cmpi uge, %236, %c3_i64_86 : i64
    %c80_i8_87 = arith.constant 80 : i8
    cf.cond_br %237, ^bb71, ^bb1(%c80_i8_87 : i8)
  ^bb71:  // pred: ^bb70
    %238 = arith.subi %236, %c3_i64_86 : i64
    llvm.store %238, %235 : i64, !llvm.ptr
    cf.br ^bb69
  ^bb72:  // pred: ^bb73
    %c0_i256_88 = arith.constant 0 : i256
    %239 = llvm.mlir.addressof @dora_global_stack_ptr : !llvm.ptr
    %240 = llvm.load %239 : !llvm.ptr -> !llvm.ptr
    llvm.store %c0_i256_88, %240 : i256, !llvm.ptr
    %241 = llvm.getelementptr %240[1] : (!llvm.ptr) -> !llvm.ptr, i256
    llvm.store %241, %239 : !llvm.ptr, !llvm.ptr
    cf.br ^bb78
  ^bb73:  // pred: ^bb75
    %242 = llvm.mlir.addressof @dora_global_stack_length : !llvm.ptr
    %c1024_i64_89 = arith.constant 1024 : i64
    %243 = llvm.load %242 : !llvm.ptr -> i64
    %c1_i64_90 = arith.constant 1 : i64
    %244 = arith.addi %243, %c1_i64_90 : i64
    llvm.store %244, %242 : i64, !llvm.ptr
    %245 = arith.cmpi ult, %c1024_i64_89, %244 : i64
    %c92_i8_91 = arith.constant 92 : i8
    cf.cond_br %245, ^bb1(%c92_i8_91 : i8), ^bb72
  ^bb74:  // pred: ^bb68
    %246 = llvm.mlir.addressof @dora_global_gas_counter : !llvm.ptr
    %247 = llvm.load %246 : !llvm.ptr -> i64
    %c3_i64_92 = arith.constant 3 : i64
    %248 = arith.cmpi uge, %247, %c3_i64_92 : i64
    %c80_i8_93 = arith.constant 80 : i8
    cf.cond_br %248, ^bb75, ^bb1(%c80_i8_93 : i8)
  ^bb75:  // pred: ^bb74
    %249 = arith.subi %247, %c3_i64_92 : i64
    llvm.store %249, %246 : i64, !llvm.ptr
    cf.br ^bb73
  ^bb76:  // pred: ^bb77
    %c0_i256_94 = arith.constant 0 : i256
    %250 = llvm.mlir.addressof @dora_global_stack_ptr : !llvm.ptr
    %251 = llvm.load %250 : !llvm.ptr -> !llvm.ptr
    llvm.store %c0_i256_94, %251 : i256, !llvm.ptr
    %252 = llvm.getelementptr %251[1] : (!llvm.ptr) -> !llvm.ptr, i256
    llvm.store %252, %250 : !llvm.ptr, !llvm.ptr
    cf.br ^bb82
  ^bb77:  // pred: ^bb79
    %253 = llvm.mlir.addressof @dora_global_stack_length : !llvm.ptr
    %c1024_i64_95 = arith.constant 1024 : i64
    %254 = llvm.load %253 : !llvm.ptr -> i64
    %c1_i64_96 = arith.constant 1 : i64
    %255 = arith.addi %254, %c1_i64_96 : i64
    llvm.store %255, %253 : i64, !llvm.ptr
    %256 = arith.cmpi ult, %c1024_i64_95, %255 : i64
    %c92_i8_97 = arith.constant 92 : i8
    cf.cond_br %256, ^bb1(%c92_i8_97 : i8), ^bb76
  ^bb78:  // pred: ^bb72
    %257 = llvm.mlir.addressof @dora_global_gas_counter : !llvm.ptr
    %258 = llvm.load %257 : !llvm.ptr -> i64
    %c3_i64_98 = arith.constant 3 : i64
    %259 = arith.cmpi uge, %258, %c3_i64_98 : i64
    %c80_i8_99 = arith.constant 80 : i8
    cf.cond_br %259, ^bb79, ^bb1(%c80_i8_99 : i8)
  ^bb79:  // pred: ^bb78
    %260 = arith.subi %258, %c3_i64_98 : i64
    llvm.store %260, %257 : i64, !llvm.ptr
    cf.br ^bb77
  ^bb80:  // pred: ^bb81
    %c0_i256_100 = arith.constant 0 : i256
    %261 = llvm.mlir.addressof @dora_global_stack_ptr : !llvm.ptr
    %262 = llvm.load %261 : !llvm.ptr -> !llvm.ptr
    llvm.store %c0_i256_100, %262 : i256, !llvm.ptr
    %263 = llvm.getelementptr %262[1] : (!llvm.ptr) -> !llvm.ptr, i256
    llvm.store %263, %261 : !llvm.ptr, !llvm.ptr
    cf.br ^bb86
  ^bb81:  // pred: ^bb83
    %264 = llvm.mlir.addressof @dora_global_stack_length : !llvm.ptr
    %c1024_i64_101 = arith.constant 1024 : i64
    %265 = llvm.load %264 : !llvm.ptr -> i64
    %c1_i64_102 = arith.constant 1 : i64
    %266 = arith.addi %265, %c1_i64_102 : i64
    llvm.store %266, %264 : i64, !llvm.ptr
    %267 = arith.cmpi ult, %c1024_i64_101, %266 : i64
    %c92_i8_103 = arith.constant 92 : i8
    cf.cond_br %267, ^bb1(%c92_i8_103 : i8), ^bb80
  ^bb82:  // pred: ^bb76
    %268 = llvm.mlir.addressof @dora_global_gas_counter : !llvm.ptr
    %269 = llvm.load %268 : !llvm.ptr -> i64
    %c3_i64_104 = arith.constant 3 : i64
    %270 = arith.cmpi uge, %269, %c3_i64_104 : i64
    %c80_i8_105 = arith.constant 80 : i8
    cf.cond_br %270, ^bb83, ^bb1(%c80_i8_105 : i8)
  ^bb83:  // pred: ^bb82
    %271 = arith.subi %269, %c3_i64_104 : i64
    llvm.store %271, %268 : i64, !llvm.ptr
    cf.br ^bb81
  ^bb84:  // pred: ^bb85
    %272 = llvm.mlir.addressof @dora_global_stack_ptr : !llvm.ptr
    %273 = llvm.load %272 : !llvm.ptr -> !llvm.ptr
    %274 = llvm.getelementptr %273[-5] : (!llvm.ptr) -> !llvm.ptr, i256
    %275 = llvm.load %274 : !llvm.ptr -> i256
    %276 = llvm.mlir.addressof @dora_global_stack_ptr : !llvm.ptr
    %277 = llvm.load %276 : !llvm.ptr -> !llvm.ptr
    llvm.store %275, %277 : i256, !llvm.ptr
    %278 = llvm.getelementptr %277[1] : (!llvm.ptr) -> !llvm.ptr, i256
    llvm.store %278, %276 : !llvm.ptr, !llvm.ptr
    cf.br ^bb90
  ^bb85:  // pred: ^bb87
    %279 = llvm.mlir.addressof @dora_global_stack_length : !llvm.ptr
    %c1024_i64_106 = arith.constant 1024 : i64
    %280 = llvm.load %279 : !llvm.ptr -> i64
    %c1_i64_107 = arith.constant 1 : i64
    %281 = arith.addi %280, %c1_i64_107 : i64
    llvm.store %281, %279 : i64, !llvm.ptr
    %282 = arith.cmpi ult, %c1024_i64_106, %281 : i64
    %c92_i8_108 = arith.constant 92 : i8
    cf.cond_br %282, ^bb1(%c92_i8_108 : i8), ^bb84
  ^bb86:  // pred: ^bb80
    %283 = llvm.mlir.addressof @dora_global_gas_counter : !llvm.ptr
    %284 = llvm.load %283 : !llvm.ptr -> i64
    %c3_i64_109 = arith.constant 3 : i64
    %285 = arith.cmpi uge, %284, %c3_i64_109 : i64
    %c80_i8_110 = arith.constant 80 : i8
    cf.cond_br %285, ^bb87, ^bb1(%c80_i8_110 : i8)
  ^bb87:  // pred: ^bb86
    %286 = arith.subi %284, %c3_i64_109 : i64
    llvm.store %286, %283 : i64, !llvm.ptr
    cf.br ^bb85
  ^bb88:  // pred: ^bb89
    %c4294967295_i256 = arith.constant 4294967295 : i256
    %287 = llvm.mlir.addressof @dora_global_stack_ptr : !llvm.ptr
    %288 = llvm.load %287 : !llvm.ptr -> !llvm.ptr
    llvm.store %c4294967295_i256, %288 : i256, !llvm.ptr
    %289 = llvm.getelementptr %288[1] : (!llvm.ptr) -> !llvm.ptr, i256
    llvm.store %289, %287 : !llvm.ptr, !llvm.ptr
    cf.br ^bb103
  ^bb89:  // pred: ^bb91
    %290 = llvm.mlir.addressof @dora_global_stack_length : !llvm.ptr
    %c1024_i64_111 = arith.constant 1024 : i64
    %291 = llvm.load %290 : !llvm.ptr -> i64
    %c1_i64_112 = arith.constant 1 : i64
    %292 = arith.addi %291, %c1_i64_112 : i64
    llvm.store %292, %290 : i64, !llvm.ptr
    %293 = arith.cmpi ult, %c1024_i64_111, %292 : i64
    %c92_i8_113 = arith.constant 92 : i8
    cf.cond_br %293, ^bb1(%c92_i8_113 : i8), ^bb88
  ^bb90:  // pred: ^bb84
    %294 = llvm.mlir.addressof @dora_global_gas_counter : !llvm.ptr
    %295 = llvm.load %294 : !llvm.ptr -> i64
    %c3_i64_114 = arith.constant 3 : i64
    %296 = arith.cmpi uge, %295, %c3_i64_114 : i64
    %c80_i8_115 = arith.constant 80 : i8
    cf.cond_br %296, ^bb91, ^bb1(%c80_i8_115 : i8)
  ^bb91:  // pred: ^bb90
    %297 = arith.subi %295, %c3_i64_114 : i64
    llvm.store %297, %294 : i64, !llvm.ptr
    cf.br ^bb89
  ^bb92:  // pred: ^bb102
    %298 = llvm.mlir.addressof @dora_global_stack_ptr : !llvm.ptr
    %299 = llvm.load %298 : !llvm.ptr -> !llvm.ptr
    %300 = llvm.getelementptr %299[-1] : (!llvm.ptr) -> !llvm.ptr, i256
    %301 = llvm.load %300 : !llvm.ptr -> i256
    llvm.store %300, %298 : !llvm.ptr, !llvm.ptr
    %302 = llvm.mlir.addressof @dora_global_stack_ptr : !llvm.ptr
    %303 = llvm.load %302 : !llvm.ptr -> !llvm.ptr
    %304 = llvm.getelementptr %303[-1] : (!llvm.ptr) -> !llvm.ptr, i256
    %305 = llvm.load %304 : !llvm.ptr -> i256
    llvm.store %304, %302 : !llvm.ptr, !llvm.ptr
    %306 = llvm.mlir.addressof @dora_global_stack_ptr : !llvm.ptr
    %307 = llvm.load %306 : !llvm.ptr -> !llvm.ptr
    %308 = llvm.getelementptr %307[-1] : (!llvm.ptr) -> !llvm.ptr, i256
    %309 = llvm.load %308 : !llvm.ptr -> i256
    llvm.store %308, %306 : !llvm.ptr, !llvm.ptr
    %310 = llvm.mlir.addressof @dora_global_stack_ptr : !llvm.ptr
    %311 = llvm.load %310 : !llvm.ptr -> !llvm.ptr
    %312 = llvm.getelementptr %311[-1] : (!llvm.ptr) -> !llvm.ptr, i256
    %313 = llvm.load %312 : !llvm.ptr -> i256
    llvm.store %312, %310 : !llvm.ptr, !llvm.ptr
    %314 = llvm.mlir.addressof @dora_global_stack_ptr : !llvm.ptr
    %315 = llvm.load %314 : !llvm.ptr -> !llvm.ptr
    %316 = llvm.getelementptr %315[-1] : (!llvm.ptr) -> !llvm.ptr, i256
    %317 = llvm.load %316 : !llvm.ptr -> i256
    llvm.store %316, %314 : !llvm.ptr, !llvm.ptr
    %318 = llvm.mlir.addressof @dora_global_stack_ptr : !llvm.ptr
    %319 = llvm.load %318 : !llvm.ptr -> !llvm.ptr
    %320 = llvm.getelementptr %319[-1] : (!llvm.ptr) -> !llvm.ptr, i256
    %321 = llvm.load %320 : !llvm.ptr -> i256
    llvm.store %320, %318 : !llvm.ptr, !llvm.ptr
    %c0_i256_116 = arith.constant 0 : i256
    %322 = arith.trunci %301 : i256 to i64
    %c0_i64_117 = arith.constant 0 : i64
    %323 = arith.cmpi slt, %322, %c0_i64_117 : i64
    %c84_i8_118 = arith.constant 84 : i8
    cf.cond_br %323, ^bb1(%c84_i8_118 : i8), ^bb93
  ^bb93:  // pred: ^bb92
    %324 = arith.trunci %309 : i256 to i64
    %c0_i64_119 = arith.constant 0 : i64
    %325 = arith.cmpi slt, %324, %c0_i64_119 : i64
    %c84_i8_120 = arith.constant 84 : i8
    cf.cond_br %325, ^bb1(%c84_i8_120 : i8), ^bb94
  ^bb94:  // pred: ^bb93
    %326 = arith.trunci %313 : i256 to i64
    %c0_i64_121 = arith.constant 0 : i64
    %327 = arith.cmpi slt, %326, %c0_i64_121 : i64
    %c84_i8_122 = arith.constant 84 : i8
    cf.cond_br %327, ^bb1(%c84_i8_122 : i8), ^bb95
  ^bb95:  // pred: ^bb94
    %328 = arith.trunci %317 : i256 to i64
    %c0_i64_123 = arith.constant 0 : i64
    %329 = arith.cmpi slt, %328, %c0_i64_123 : i64
    %c84_i8_124 = arith.constant 84 : i8
    cf.cond_br %329, ^bb1(%c84_i8_124 : i8), ^bb96
  ^bb96:  // pred: ^bb95
    %330 = arith.trunci %321 : i256 to i64
    %c0_i64_125 = arith.constant 0 : i64
    %331 = arith.cmpi slt, %330, %c0_i64_125 : i64
    %c84_i8_126 = arith.constant 84 : i8
    cf.cond_br %331, ^bb1(%c84_i8_126 : i8), ^bb97
  ^bb97:  // pred: ^bb96
    %c0_i64_127 = arith.constant 0 : i64
    %332 = arith.cmpi ne, %326, %c0_i64_127 : i64
    cf.cond_br %332, ^bb128, ^bb98
  ^bb98:  // 2 preds: ^bb97, ^bb131
    %c0_i64_128 = arith.constant 0 : i64
    %333 = arith.cmpi ne, %330, %c0_i64_128 : i64
    cf.cond_br %333, ^bb132, ^bb99
  ^bb99:  // 2 preds: ^bb98, ^bb135
    %334 = llvm.mlir.addressof @dora_global_gas_counter : !llvm.ptr
    %335 = llvm.load %334 : !llvm.ptr -> i64
    %c1_i256_129 = arith.constant 1 : i256
    %336 = llvm.alloca %c1_i256_129 x i256 : (i256) -> !llvm.ptr
    llvm.store %c0_i256_116, %336 {alignment = 1 : i64} : i256, !llvm.ptr
    %c1_i256_130 = arith.constant 1 : i256
    %337 = llvm.alloca %c1_i256_130 x i256 : (i256) -> !llvm.ptr
    llvm.store %305, %337 {alignment = 1 : i64} : i256, !llvm.ptr
    %c2_i8 = arith.constant 2 : i8
    %338 = call @dora_fn_call(%arg0, %322, %337, %336, %324, %326, %328, %330, %335, %c2_i8) : (!llvm.ptr, i64, !llvm.ptr, !llvm.ptr, i64, i64, i64, i64, i64, i8) -> !llvm.ptr
    %339 = llvm.getelementptr %338[16] : (!llvm.ptr) -> !llvm.ptr, i8
    %340 = llvm.load %339 : !llvm.ptr -> i8
    %341 = llvm.getelementptr %338[0] : (!llvm.ptr) -> !llvm.ptr, i8
    %342 = llvm.load %341 : !llvm.ptr -> i8
    %c0_i8_131 = arith.constant 0 : i8
    %343 = arith.cmpi ne, %342, %c0_i8_131 : i8
    cf.cond_br %343, ^bb1(%342 : i8), ^bb100
  ^bb100:  // pred: ^bb99
    %344 = llvm.getelementptr %338[8] : (!llvm.ptr) -> !llvm.ptr, i8
    %345 = llvm.load %344 : !llvm.ptr -> i64
    %346 = llvm.mlir.addressof @dora_global_gas_counter : !llvm.ptr
    %347 = llvm.load %346 : !llvm.ptr -> i64
    %348 = arith.cmpi ult, %347, %345 : i64
    scf.if %348 {
    } else {
      %524 = arith.subi %347, %345 : i64
      llvm.store %524, %346 : i64, !llvm.ptr
    }
    %c80_i8_132 = arith.constant 80 : i8
    cf.cond_br %348, ^bb1(%c80_i8_132 : i8), ^bb101
  ^bb101:  // pred: ^bb100
    %349 = arith.extui %340 : i8 to i256
    %350 = llvm.mlir.addressof @dora_global_stack_ptr : !llvm.ptr
    %351 = llvm.load %350 : !llvm.ptr -> !llvm.ptr
    llvm.store %349, %351 : i256, !llvm.ptr
    %352 = llvm.getelementptr %351[1] : (!llvm.ptr) -> !llvm.ptr, i256
    llvm.store %352, %350 : !llvm.ptr, !llvm.ptr
    cf.br ^bb107
  ^bb102:  // pred: ^bb104
    %353 = llvm.mlir.addressof @dora_global_stack_length : !llvm.ptr
    %c1024_i64_133 = arith.constant 1024 : i64
    %354 = llvm.load %353 : !llvm.ptr -> i64
    %c-5_i64 = arith.constant -5 : i64
    %355 = arith.addi %354, %c-5_i64 : i64
    llvm.store %355, %353 : i64, !llvm.ptr
    %c6_i64 = arith.constant 6 : i64
    %356 = arith.cmpi ult, %354, %c6_i64 : i64
    %c91_i8_134 = arith.constant 91 : i8
    cf.cond_br %356, ^bb1(%c91_i8_134 : i8), ^bb92
  ^bb103:  // pred: ^bb88
    %357 = llvm.mlir.addressof @dora_global_gas_counter : !llvm.ptr
    %358 = llvm.load %357 : !llvm.ptr -> i64
    %c0_i64_135 = arith.constant 0 : i64
    %359 = arith.cmpi uge, %358, %c0_i64_135 : i64
    %c80_i8_136 = arith.constant 80 : i8
    cf.cond_br %359, ^bb104, ^bb1(%c80_i8_136 : i8)
  ^bb104:  // pred: ^bb103
    %360 = arith.subi %358, %c0_i64_135 : i64
    llvm.store %360, %357 : i64, !llvm.ptr
    cf.br ^bb102
  ^bb105:  // pred: ^bb106
    %361 = call @dora_fn_returndata_size(%arg0) : (!llvm.ptr) -> !llvm.ptr
    %362 = llvm.getelementptr %361[16] : (!llvm.ptr) -> !llvm.ptr, i8
    %363 = llvm.load %362 : !llvm.ptr -> i64
    %364 = arith.extui %363 : i64 to i256
    %365 = llvm.mlir.addressof @dora_global_stack_ptr : !llvm.ptr
    %366 = llvm.load %365 : !llvm.ptr -> !llvm.ptr
    llvm.store %364, %366 : i256, !llvm.ptr
    %367 = llvm.getelementptr %366[1] : (!llvm.ptr) -> !llvm.ptr, i256
    llvm.store %367, %365 : !llvm.ptr, !llvm.ptr
    cf.br ^bb109
  ^bb106:  // pred: ^bb108
    %368 = llvm.mlir.addressof @dora_global_stack_length : !llvm.ptr
    %c1024_i64_137 = arith.constant 1024 : i64
    %369 = llvm.load %368 : !llvm.ptr -> i64
    %c1_i64_138 = arith.constant 1 : i64
    %370 = arith.addi %369, %c1_i64_138 : i64
    llvm.store %370, %368 : i64, !llvm.ptr
    %371 = arith.cmpi ult, %c1024_i64_137, %370 : i64
    %c92_i8_139 = arith.constant 92 : i8
    cf.cond_br %371, ^bb1(%c92_i8_139 : i8), ^bb105
  ^bb107:  // pred: ^bb101
    %372 = llvm.mlir.addressof @dora_global_gas_counter : !llvm.ptr
    %373 = llvm.load %372 : !llvm.ptr -> i64
    %c2_i64_140 = arith.constant 2 : i64
    %374 = arith.cmpi uge, %373, %c2_i64_140 : i64
    %c80_i8_141 = arith.constant 80 : i8
    cf.cond_br %374, ^bb108, ^bb1(%c80_i8_141 : i8)
  ^bb108:  // pred: ^bb107
    %375 = arith.subi %373, %c2_i64_140 : i64
    llvm.store %375, %372 : i64, !llvm.ptr
    cf.br ^bb106
  ^bb109:  // pred: ^bb105
    %c0_i64_142 = arith.constant 0 : i64
    %c1_i8 = arith.constant 1 : i8
    %376 = llvm.mlir.addressof @dora_global_gas_counter : !llvm.ptr
    %377 = llvm.load %376 : !llvm.ptr -> i64
    %378 = call @dora_fn_write_result(%arg0, %c0_i64_142, %c0_i64_142, %377, %c1_i8) : (!llvm.ptr, i64, i64, i64, i8) -> !llvm.ptr
    return %c1_i8 : i8
  ^bb110:  // pred: ^bb12
    %379 = arith.addi %44, %c32_i64 : i64
    %c0_i64_143 = arith.constant 0 : i64
    %380 = arith.cmpi slt, %379, %c0_i64_143 : i64
    %c84_i8_144 = arith.constant 84 : i8
    cf.cond_br %380, ^bb1(%c84_i8_144 : i8), ^bb111
  ^bb111:  // pred: ^bb110
    %c31_i64 = arith.constant 31 : i64
    %c32_i64_145 = arith.constant 32 : i64
    %381 = arith.addi %379, %c31_i64 : i64
    %382 = arith.divui %381, %c32_i64_145 : i64
    %c32_i64_146 = arith.constant 32 : i64
    %383 = arith.muli %382, %c32_i64_146 : i64
    %384 = llvm.mlir.addressof @dora_global_memory_size : !llvm.ptr
    %385 = llvm.load %384 : !llvm.ptr -> i64
    %c31_i64_147 = arith.constant 31 : i64
    %c32_i64_148 = arith.constant 32 : i64
    %386 = arith.addi %385, %c31_i64_147 : i64
    %387 = arith.divui %386, %c32_i64_148 : i64
    %388 = arith.muli %387, %c32_i64_146 : i64
    %389 = arith.cmpi ult, %388, %383 : i64
    %390 = scf.if %389 -> (i64) {
      %c3_i64_200 = arith.constant 3 : i64
      %c512_i64 = arith.constant 512 : i64
      %524 = arith.muli %387, %387 : i64
      %525 = arith.divui %524, %c512_i64 : i64
      %526 = arith.muli %387, %c3_i64_200 : i64
      %527 = arith.addi %525, %526 : i64
      %c3_i64_201 = arith.constant 3 : i64
      %c512_i64_202 = arith.constant 512 : i64
      %528 = arith.muli %382, %382 : i64
      %529 = arith.divui %528, %c512_i64_202 : i64
      %530 = arith.muli %382, %c3_i64_201 : i64
      %531 = arith.addi %529, %530 : i64
      %532 = arith.subi %531, %527 : i64
      scf.yield %532 : i64
    } else {
      %c0_i64_200 = arith.constant 0 : i64
      scf.yield %c0_i64_200 : i64
    }
    %391 = llvm.mlir.addressof @dora_global_gas_counter : !llvm.ptr
    %392 = llvm.load %391 : !llvm.ptr -> i64
    %393 = arith.cmpi ult, %392, %390 : i64
    scf.if %393 {
    } else {
      %524 = arith.subi %392, %390 : i64
      llvm.store %524, %391 : i64, !llvm.ptr
    }
    %c80_i8_149 = arith.constant 80 : i8
    cf.cond_br %393, ^bb1(%c80_i8_149 : i8), ^bb112
  ^bb112:  // pred: ^bb111
    %394 = call @dora_fn_extend_memory(%arg0, %383) : (!llvm.ptr, i64) -> !llvm.ptr
    %395 = llvm.getelementptr %394[16] : (!llvm.ptr) -> !llvm.ptr, i8
    %396 = llvm.load %395 : !llvm.ptr -> !llvm.ptr
    %397 = llvm.getelementptr %394[0] : (!llvm.ptr) -> !llvm.ptr, i8
    %398 = llvm.load %397 : !llvm.ptr -> i8
    %c0_i8_150 = arith.constant 0 : i8
    %399 = arith.cmpi ne, %398, %c0_i8_150 : i8
    cf.cond_br %399, ^bb1(%398 : i8), ^bb113
  ^bb113:  // pred: ^bb112
    %400 = llvm.mlir.addressof @dora_global_memory_ptr : !llvm.ptr
    llvm.store %396, %400 : !llvm.ptr, !llvm.ptr
    %401 = llvm.mlir.addressof @dora_global_memory_size : !llvm.ptr
    llvm.store %383, %401 : i64, !llvm.ptr
    cf.br ^bb13
  ^bb114:  // pred: ^bb26
    %402 = arith.addi %89, %c32_i64_24 : i64
    %c0_i64_151 = arith.constant 0 : i64
    %403 = arith.cmpi slt, %402, %c0_i64_151 : i64
    %c84_i8_152 = arith.constant 84 : i8
    cf.cond_br %403, ^bb1(%c84_i8_152 : i8), ^bb115
  ^bb115:  // pred: ^bb114
    %c31_i64_153 = arith.constant 31 : i64
    %c32_i64_154 = arith.constant 32 : i64
    %404 = arith.addi %402, %c31_i64_153 : i64
    %405 = arith.divui %404, %c32_i64_154 : i64
    %c32_i64_155 = arith.constant 32 : i64
    %406 = arith.muli %405, %c32_i64_155 : i64
    %407 = llvm.mlir.addressof @dora_global_memory_size : !llvm.ptr
    %408 = llvm.load %407 : !llvm.ptr -> i64
    %c31_i64_156 = arith.constant 31 : i64
    %c32_i64_157 = arith.constant 32 : i64
    %409 = arith.addi %408, %c31_i64_156 : i64
    %410 = arith.divui %409, %c32_i64_157 : i64
    %411 = arith.muli %410, %c32_i64_155 : i64
    %412 = arith.cmpi ult, %411, %406 : i64
    %413 = scf.if %412 -> (i64) {
      %c3_i64_200 = arith.constant 3 : i64
      %c512_i64 = arith.constant 512 : i64
      %524 = arith.muli %410, %410 : i64
      %525 = arith.divui %524, %c512_i64 : i64
      %526 = arith.muli %410, %c3_i64_200 : i64
      %527 = arith.addi %525, %526 : i64
      %c3_i64_201 = arith.constant 3 : i64
      %c512_i64_202 = arith.constant 512 : i64
      %528 = arith.muli %405, %405 : i64
      %529 = arith.divui %528, %c512_i64_202 : i64
      %530 = arith.muli %405, %c3_i64_201 : i64
      %531 = arith.addi %529, %530 : i64
      %532 = arith.subi %531, %527 : i64
      scf.yield %532 : i64
    } else {
      %c0_i64_200 = arith.constant 0 : i64
      scf.yield %c0_i64_200 : i64
    }
    %414 = llvm.mlir.addressof @dora_global_gas_counter : !llvm.ptr
    %415 = llvm.load %414 : !llvm.ptr -> i64
    %416 = arith.cmpi ult, %415, %413 : i64
    scf.if %416 {
    } else {
      %524 = arith.subi %415, %413 : i64
      llvm.store %524, %414 : i64, !llvm.ptr
    }
    %c80_i8_158 = arith.constant 80 : i8
    cf.cond_br %416, ^bb1(%c80_i8_158 : i8), ^bb116
  ^bb116:  // pred: ^bb115
    %417 = call @dora_fn_extend_memory(%arg0, %406) : (!llvm.ptr, i64) -> !llvm.ptr
    %418 = llvm.getelementptr %417[16] : (!llvm.ptr) -> !llvm.ptr, i8
    %419 = llvm.load %418 : !llvm.ptr -> !llvm.ptr
    %420 = llvm.getelementptr %417[0] : (!llvm.ptr) -> !llvm.ptr, i8
    %421 = llvm.load %420 : !llvm.ptr -> i8
    %c0_i8_159 = arith.constant 0 : i8
    %422 = arith.cmpi ne, %421, %c0_i8_159 : i8
    cf.cond_br %422, ^bb1(%421 : i8), ^bb117
  ^bb117:  // pred: ^bb116
    %423 = llvm.mlir.addressof @dora_global_memory_ptr : !llvm.ptr
    llvm.store %419, %423 : !llvm.ptr, !llvm.ptr
    %424 = llvm.mlir.addressof @dora_global_memory_size : !llvm.ptr
    llvm.store %406, %424 : i64, !llvm.ptr
    cf.br ^bb27
  ^bb118:  // pred: ^bb40
    %425 = arith.addi %134, %c32_i64_44 : i64
    %c0_i64_160 = arith.constant 0 : i64
    %426 = arith.cmpi slt, %425, %c0_i64_160 : i64
    %c84_i8_161 = arith.constant 84 : i8
    cf.cond_br %426, ^bb1(%c84_i8_161 : i8), ^bb119
  ^bb119:  // pred: ^bb118
    %c31_i64_162 = arith.constant 31 : i64
    %c32_i64_163 = arith.constant 32 : i64
    %427 = arith.addi %425, %c31_i64_162 : i64
    %428 = arith.divui %427, %c32_i64_163 : i64
    %c32_i64_164 = arith.constant 32 : i64
    %429 = arith.muli %428, %c32_i64_164 : i64
    %430 = llvm.mlir.addressof @dora_global_memory_size : !llvm.ptr
    %431 = llvm.load %430 : !llvm.ptr -> i64
    %c31_i64_165 = arith.constant 31 : i64
    %c32_i64_166 = arith.constant 32 : i64
    %432 = arith.addi %431, %c31_i64_165 : i64
    %433 = arith.divui %432, %c32_i64_166 : i64
    %434 = arith.muli %433, %c32_i64_164 : i64
    %435 = arith.cmpi ult, %434, %429 : i64
    %436 = scf.if %435 -> (i64) {
      %c3_i64_200 = arith.constant 3 : i64
      %c512_i64 = arith.constant 512 : i64
      %524 = arith.muli %433, %433 : i64
      %525 = arith.divui %524, %c512_i64 : i64
      %526 = arith.muli %433, %c3_i64_200 : i64
      %527 = arith.addi %525, %526 : i64
      %c3_i64_201 = arith.constant 3 : i64
      %c512_i64_202 = arith.constant 512 : i64
      %528 = arith.muli %428, %428 : i64
      %529 = arith.divui %528, %c512_i64_202 : i64
      %530 = arith.muli %428, %c3_i64_201 : i64
      %531 = arith.addi %529, %530 : i64
      %532 = arith.subi %531, %527 : i64
      scf.yield %532 : i64
    } else {
      %c0_i64_200 = arith.constant 0 : i64
      scf.yield %c0_i64_200 : i64
    }
    %437 = llvm.mlir.addressof @dora_global_gas_counter : !llvm.ptr
    %438 = llvm.load %437 : !llvm.ptr -> i64
    %439 = arith.cmpi ult, %438, %436 : i64
    scf.if %439 {
    } else {
      %524 = arith.subi %438, %436 : i64
      llvm.store %524, %437 : i64, !llvm.ptr
    }
    %c80_i8_167 = arith.constant 80 : i8
    cf.cond_br %439, ^bb1(%c80_i8_167 : i8), ^bb120
  ^bb120:  // pred: ^bb119
    %440 = call @dora_fn_extend_memory(%arg0, %429) : (!llvm.ptr, i64) -> !llvm.ptr
    %441 = llvm.getelementptr %440[16] : (!llvm.ptr) -> !llvm.ptr, i8
    %442 = llvm.load %441 : !llvm.ptr -> !llvm.ptr
    %443 = llvm.getelementptr %440[0] : (!llvm.ptr) -> !llvm.ptr, i8
    %444 = llvm.load %443 : !llvm.ptr -> i8
    %c0_i8_168 = arith.constant 0 : i8
    %445 = arith.cmpi ne, %444, %c0_i8_168 : i8
    cf.cond_br %445, ^bb1(%444 : i8), ^bb121
  ^bb121:  // pred: ^bb120
    %446 = llvm.mlir.addressof @dora_global_memory_ptr : !llvm.ptr
    llvm.store %442, %446 : !llvm.ptr, !llvm.ptr
    %447 = llvm.mlir.addressof @dora_global_memory_size : !llvm.ptr
    llvm.store %429, %447 : i64, !llvm.ptr
    cf.br ^bb41
  ^bb122:  // pred: ^bb60
    %c49152_i64 = arith.constant 49152 : i64
    %448 = arith.cmpi ugt, %198, %c49152_i64 : i64
    %c100_i8 = arith.constant 100 : i8
    cf.cond_br %448, ^bb1(%c100_i8 : i8), ^bb123
  ^bb123:  // pred: ^bb122
    %c31_i64_169 = arith.constant 31 : i64
    %c32_i64_170 = arith.constant 32 : i64
    %449 = arith.addi %198, %c31_i64_169 : i64
    %450 = arith.divui %449, %c32_i64_170 : i64
    %c2_i64_171 = arith.constant 2 : i64
    %451 = arith.muli %450, %c2_i64_171 : i64
    %452 = llvm.mlir.addressof @dora_global_gas_counter : !llvm.ptr
    %453 = llvm.load %452 : !llvm.ptr -> i64
    %454 = arith.cmpi ult, %453, %451 : i64
    scf.if %454 {
    } else {
      %524 = arith.subi %453, %451 : i64
      llvm.store %524, %452 : i64, !llvm.ptr
    }
    %c80_i8_172 = arith.constant 80 : i8
    cf.cond_br %454, ^bb1(%c80_i8_172 : i8), ^bb124
  ^bb124:  // pred: ^bb123
    %455 = arith.addi %196, %198 : i64
    %c0_i64_173 = arith.constant 0 : i64
    %456 = arith.cmpi slt, %455, %c0_i64_173 : i64
    %c84_i8_174 = arith.constant 84 : i8
    cf.cond_br %456, ^bb1(%c84_i8_174 : i8), ^bb125
  ^bb125:  // pred: ^bb124
    %c31_i64_175 = arith.constant 31 : i64
    %c32_i64_176 = arith.constant 32 : i64
    %457 = arith.addi %455, %c31_i64_175 : i64
    %458 = arith.divui %457, %c32_i64_176 : i64
    %c32_i64_177 = arith.constant 32 : i64
    %459 = arith.muli %458, %c32_i64_177 : i64
    %460 = llvm.mlir.addressof @dora_global_memory_size : !llvm.ptr
    %461 = llvm.load %460 : !llvm.ptr -> i64
    %c31_i64_178 = arith.constant 31 : i64
    %c32_i64_179 = arith.constant 32 : i64
    %462 = arith.addi %461, %c31_i64_178 : i64
    %463 = arith.divui %462, %c32_i64_179 : i64
    %464 = arith.muli %463, %c32_i64_177 : i64
    %465 = arith.cmpi ult, %464, %459 : i64
    %466 = scf.if %465 -> (i64) {
      %c3_i64_200 = arith.constant 3 : i64
      %c512_i64 = arith.constant 512 : i64
      %524 = arith.muli %463, %463 : i64
      %525 = arith.divui %524, %c512_i64 : i64
      %526 = arith.muli %463, %c3_i64_200 : i64
      %527 = arith.addi %525, %526 : i64
      %c3_i64_201 = arith.constant 3 : i64
      %c512_i64_202 = arith.constant 512 : i64
      %528 = arith.muli %458, %458 : i64
      %529 = arith.divui %528, %c512_i64_202 : i64
      %530 = arith.muli %458, %c3_i64_201 : i64
      %531 = arith.addi %529, %530 : i64
      %532 = arith.subi %531, %527 : i64
      scf.yield %532 : i64
    } else {
      %c0_i64_200 = arith.constant 0 : i64
      scf.yield %c0_i64_200 : i64
    }
    %467 = llvm.mlir.addressof @dora_global_gas_counter : !llvm.ptr
    %468 = llvm.load %467 : !llvm.ptr -> i64
    %469 = arith.cmpi ult, %468, %466 : i64
    scf.if %469 {
    } else {
      %524 = arith.subi %468, %466 : i64
      llvm.store %524, %467 : i64, !llvm.ptr
    }
    %c80_i8_180 = arith.constant 80 : i8
    cf.cond_br %469, ^bb1(%c80_i8_180 : i8), ^bb126
  ^bb126:  // pred: ^bb125
    %470 = call @dora_fn_extend_memory(%arg0, %459) : (!llvm.ptr, i64) -> !llvm.ptr
    %471 = llvm.getelementptr %470[16] : (!llvm.ptr) -> !llvm.ptr, i8
    %472 = llvm.load %471 : !llvm.ptr -> !llvm.ptr
    %473 = llvm.getelementptr %470[0] : (!llvm.ptr) -> !llvm.ptr, i8
    %474 = llvm.load %473 : !llvm.ptr -> i8
    %c0_i8_181 = arith.constant 0 : i8
    %475 = arith.cmpi ne, %474, %c0_i8_181 : i8
    cf.cond_br %475, ^bb1(%474 : i8), ^bb127
  ^bb127:  // pred: ^bb126
    %476 = llvm.mlir.addressof @dora_global_memory_ptr : !llvm.ptr
    llvm.store %472, %476 : !llvm.ptr, !llvm.ptr
    %477 = llvm.mlir.addressof @dora_global_memory_size : !llvm.ptr
    llvm.store %459, %477 : i64, !llvm.ptr
    cf.br ^bb61
  ^bb128:  // pred: ^bb97
    %478 = arith.addi %324, %326 : i64
    %c0_i64_182 = arith.constant 0 : i64
    %479 = arith.cmpi slt, %478, %c0_i64_182 : i64
    %c84_i8_183 = arith.constant 84 : i8
    cf.cond_br %479, ^bb1(%c84_i8_183 : i8), ^bb129
  ^bb129:  // pred: ^bb128
    %c31_i64_184 = arith.constant 31 : i64
    %c32_i64_185 = arith.constant 32 : i64
    %480 = arith.addi %478, %c31_i64_184 : i64
    %481 = arith.divui %480, %c32_i64_185 : i64
    %c32_i64_186 = arith.constant 32 : i64
    %482 = arith.muli %481, %c32_i64_186 : i64
    %483 = llvm.mlir.addressof @dora_global_memory_size : !llvm.ptr
    %484 = llvm.load %483 : !llvm.ptr -> i64
    %c31_i64_187 = arith.constant 31 : i64
    %c32_i64_188 = arith.constant 32 : i64
    %485 = arith.addi %484, %c31_i64_187 : i64
    %486 = arith.divui %485, %c32_i64_188 : i64
    %487 = arith.muli %486, %c32_i64_186 : i64
    %488 = arith.cmpi ult, %487, %482 : i64
    %489 = scf.if %488 -> (i64) {
      %c3_i64_200 = arith.constant 3 : i64
      %c512_i64 = arith.constant 512 : i64
      %524 = arith.muli %486, %486 : i64
      %525 = arith.divui %524, %c512_i64 : i64
      %526 = arith.muli %486, %c3_i64_200 : i64
      %527 = arith.addi %525, %526 : i64
      %c3_i64_201 = arith.constant 3 : i64
      %c512_i64_202 = arith.constant 512 : i64
      %528 = arith.muli %481, %481 : i64
      %529 = arith.divui %528, %c512_i64_202 : i64
      %530 = arith.muli %481, %c3_i64_201 : i64
      %531 = arith.addi %529, %530 : i64
      %532 = arith.subi %531, %527 : i64
      scf.yield %532 : i64
    } else {
      %c0_i64_200 = arith.constant 0 : i64
      scf.yield %c0_i64_200 : i64
    }
    %490 = llvm.mlir.addressof @dora_global_gas_counter : !llvm.ptr
    %491 = llvm.load %490 : !llvm.ptr -> i64
    %492 = arith.cmpi ult, %491, %489 : i64
    scf.if %492 {
    } else {
      %524 = arith.subi %491, %489 : i64
      llvm.store %524, %490 : i64, !llvm.ptr
    }
    %c80_i8_189 = arith.constant 80 : i8
    cf.cond_br %492, ^bb1(%c80_i8_189 : i8), ^bb130
  ^bb130:  // pred: ^bb129
    %493 = call @dora_fn_extend_memory(%arg0, %482) : (!llvm.ptr, i64) -> !llvm.ptr
    %494 = llvm.getelementptr %493[16] : (!llvm.ptr) -> !llvm.ptr, i8
    %495 = llvm.load %494 : !llvm.ptr -> !llvm.ptr
    %496 = llvm.getelementptr %493[0] : (!llvm.ptr) -> !llvm.ptr, i8
    %497 = llvm.load %496 : !llvm.ptr -> i8
    %c0_i8_190 = arith.constant 0 : i8
    %498 = arith.cmpi ne, %497, %c0_i8_190 : i8
    cf.cond_br %498, ^bb1(%497 : i8), ^bb131
  ^bb131:  // pred: ^bb130
    %499 = llvm.mlir.addressof @dora_global_memory_ptr : !llvm.ptr
    llvm.store %495, %499 : !llvm.ptr, !llvm.ptr
    %500 = llvm.mlir.addressof @dora_global_memory_size : !llvm.ptr
    llvm.store %482, %500 : i64, !llvm.ptr
    cf.br ^bb98
  ^bb132:  // pred: ^bb98
    %501 = arith.addi %328, %330 : i64
    %c0_i64_191 = arith.constant 0 : i64
    %502 = arith.cmpi slt, %501, %c0_i64_191 : i64
    %c84_i8_192 = arith.constant 84 : i8
    cf.cond_br %502, ^bb1(%c84_i8_192 : i8), ^bb133
  ^bb133:  // pred: ^bb132
    %c31_i64_193 = arith.constant 31 : i64
    %c32_i64_194 = arith.constant 32 : i64
    %503 = arith.addi %501, %c31_i64_193 : i64
    %504 = arith.divui %503, %c32_i64_194 : i64
    %c32_i64_195 = arith.constant 32 : i64
    %505 = arith.muli %504, %c32_i64_195 : i64
    %506 = llvm.mlir.addressof @dora_global_memory_size : !llvm.ptr
    %507 = llvm.load %506 : !llvm.ptr -> i64
    %c31_i64_196 = arith.constant 31 : i64
    %c32_i64_197 = arith.constant 32 : i64
    %508 = arith.addi %507, %c31_i64_196 : i64
    %509 = arith.divui %508, %c32_i64_197 : i64
    %510 = arith.muli %509, %c32_i64_195 : i64
    %511 = arith.cmpi ult, %510, %505 : i64
    %512 = scf.if %511 -> (i64) {
      %c3_i64_200 = arith.constant 3 : i64
      %c512_i64 = arith.constant 512 : i64
      %524 = arith.muli %509, %509 : i64
      %525 = arith.divui %524, %c512_i64 : i64
      %526 = arith.muli %509, %c3_i64_200 : i64
      %527 = arith.addi %525, %526 : i64
      %c3_i64_201 = arith.constant 3 : i64
      %c512_i64_202 = arith.constant 512 : i64
      %528 = arith.muli %504, %504 : i64
      %529 = arith.divui %528, %c512_i64_202 : i64
      %530 = arith.muli %504, %c3_i64_201 : i64
      %531 = arith.addi %529, %530 : i64
      %532 = arith.subi %531, %527 : i64
      scf.yield %532 : i64
    } else {
      %c0_i64_200 = arith.constant 0 : i64
      scf.yield %c0_i64_200 : i64
    }
    %513 = llvm.mlir.addressof @dora_global_gas_counter : !llvm.ptr
    %514 = llvm.load %513 : !llvm.ptr -> i64
    %515 = arith.cmpi ult, %514, %512 : i64
    scf.if %515 {
    } else {
      %524 = arith.subi %514, %512 : i64
      llvm.store %524, %513 : i64, !llvm.ptr
    }
    %c80_i8_198 = arith.constant 80 : i8
    cf.cond_br %515, ^bb1(%c80_i8_198 : i8), ^bb134
  ^bb134:  // pred: ^bb133
    %516 = call @dora_fn_extend_memory(%arg0, %505) : (!llvm.ptr, i64) -> !llvm.ptr
    %517 = llvm.getelementptr %516[16] : (!llvm.ptr) -> !llvm.ptr, i8
    %518 = llvm.load %517 : !llvm.ptr -> !llvm.ptr
    %519 = llvm.getelementptr %516[0] : (!llvm.ptr) -> !llvm.ptr, i8
    %520 = llvm.load %519 : !llvm.ptr -> i8
    %c0_i8_199 = arith.constant 0 : i8
    %521 = arith.cmpi ne, %520, %c0_i8_199 : i8
    cf.cond_br %521, ^bb1(%520 : i8), ^bb135
  ^bb135:  // pred: ^bb134
    %522 = llvm.mlir.addressof @dora_global_memory_ptr : !llvm.ptr
    llvm.store %518, %522 : !llvm.ptr, !llvm.ptr
    %523 = llvm.mlir.addressof @dora_global_memory_size : !llvm.ptr
    llvm.store %505, %523 : i64, !llvm.ptr
    cf.br ^bb99
  }
}
