---
source: crates/dora-compiler/src/dora/tests/operations.rs
expression: op
snapshot_kind: text
---
"builtin.module"() ({
  "llvm.mlir.global"() <{addr_space = 0 : i32, global_type = !llvm.ptr, linkage = #llvm.linkage<internal>, sym_name = "dora_stack_ptr", visibility_ = 0 : i64}> ({
  }) : () -> ()
  "llvm.mlir.global"() <{addr_space = 0 : i32, global_type = !llvm.ptr, linkage = #llvm.linkage<internal>, sym_name = "dora_memory_ptr", visibility_ = 0 : i64}> ({
  }) : () -> ()
  "llvm.mlir.global"() <{addr_space = 0 : i32, global_type = i32, linkage = #llvm.linkage<internal>, sym_name = "dora_memory_size", visibility_ = 0 : i64}> ({
  }) : () -> ()
  "llvm.mlir.global"() <{addr_space = 0 : i32, global_type = !llvm.ptr, linkage = #llvm.linkage<internal>, sym_name = "dora_calldata_ptr", visibility_ = 0 : i64}> ({
  }) : () -> ()
  "llvm.mlir.global"() <{addr_space = 0 : i32, global_type = i32, linkage = #llvm.linkage<internal>, sym_name = "dora_calldata_size", visibility_ = 0 : i64}> ({
  }) : () -> ()
  "llvm.mlir.global"() <{addr_space = 0 : i32, global_type = i64, linkage = #llvm.linkage<internal>, sym_name = "dora_gas_counter", visibility_ = 0 : i64}> ({
  }) : () -> ()
  "func.func"() <{function_type = (i32) -> (), sym_name = "dora_debug_print", sym_visibility = "private"}> ({
  }) : () -> ()
  "func.func"() <{function_type = (!llvm.ptr, i32, i32, i64, i8) -> (), sym_name = "dora_write_result", sym_visibility = "private"}> ({
  }) : () -> ()
  "func.func"() <{function_type = (!llvm.ptr, i32, i32, !llvm.ptr) -> (), sym_name = "dora_keccak256_hasher", sym_visibility = "private"}> ({
  }) : () -> ()
  "func.func"() <{function_type = (!llvm.ptr) -> !llvm.ptr, sym_name = "dora_get_calldata_ptr", sym_visibility = "private"}> ({
  }) : () -> ()
  "func.func"() <{function_type = (!llvm.ptr) -> i32, sym_name = "dora_get_calldata_size", sym_visibility = "private"}> ({
  }) : () -> ()
  "func.func"() <{function_type = (!llvm.ptr) -> i64, sym_name = "dora_get_chainid", sym_visibility = "private"}> ({
  }) : () -> ()
  "func.func"() <{function_type = (!llvm.ptr, !llvm.ptr) -> (), sym_name = "dora_store_in_callvalue_ptr", sym_visibility = "private"}> ({
  }) : () -> ()
  "func.func"() <{function_type = (!llvm.ptr, !llvm.ptr) -> (), sym_name = "dora_store_in_caller_ptr", sym_visibility = "private"}> ({
  }) : () -> ()
  "func.func"() <{function_type = (!llvm.ptr, !llvm.ptr) -> (), sym_name = "dora_store_in_gasprice_ptr", sym_visibility = "private"}> ({
  }) : () -> ()
  "func.func"() <{function_type = (!llvm.ptr, !llvm.ptr) -> (), sym_name = "dora_store_in_selfbalance_ptr", sym_visibility = "private"}> ({
  }) : () -> ()
  "func.func"() <{function_type = (!llvm.ptr, !llvm.ptr) -> (), sym_name = "dora_store_in_blobbasefee_ptr", sym_visibility = "private"}> ({
  }) : () -> ()
  "func.func"() <{function_type = (!llvm.ptr) -> i64, sym_name = "dora_get_gaslimit", sym_visibility = "private"}> ({
  }) : () -> ()
  "func.func"() <{function_type = (!llvm.ptr, i32) -> !llvm.ptr, sym_name = "dora_extend_memory", sym_visibility = "private"}> ({
  }) : () -> ()
  "func.func"() <{function_type = (!llvm.ptr, i32, i32, i32) -> (), sym_name = "dora_copy_code_to_memory", sym_visibility = "private"}> ({
  }) : () -> ()
  "func.func"() <{function_type = (!llvm.ptr, !llvm.ptr, !llvm.ptr) -> (), sym_name = "dora_read_storage", sym_visibility = "private"}> ({
  }) : () -> ()
  "func.func"() <{function_type = (!llvm.ptr, !llvm.ptr, !llvm.ptr) -> i64, sym_name = "dora_write_storage", sym_visibility = "private"}> ({
  }) : () -> ()
  "func.func"() <{function_type = (!llvm.ptr, i32, i32) -> (), sym_name = "dora_append_log", sym_visibility = "private"}> ({
  }) : () -> ()
  "func.func"() <{function_type = (!llvm.ptr, i32, i32, !llvm.ptr) -> (), sym_name = "dora_append_log_with_one_topic", sym_visibility = "private"}> ({
  }) : () -> ()
  "func.func"() <{function_type = (!llvm.ptr, i32, i32, !llvm.ptr, !llvm.ptr) -> (), sym_name = "dora_append_log_with_two_topics", sym_visibility = "private"}> ({
  }) : () -> ()
  "func.func"() <{function_type = (!llvm.ptr, i32, i32, !llvm.ptr, !llvm.ptr, !llvm.ptr) -> (), sym_name = "dora_append_log_with_three_topics", sym_visibility = "private"}> ({
  }) : () -> ()
  "func.func"() <{function_type = (!llvm.ptr, i32, i32, !llvm.ptr, !llvm.ptr, !llvm.ptr, !llvm.ptr) -> (), sym_name = "dora_append_log_with_four_topics", sym_visibility = "private"}> ({
  }) : () -> ()
  "func.func"() <{function_type = (!llvm.ptr, !llvm.ptr) -> (), sym_name = "dora_get_origin", sym_visibility = "private"}> ({
  }) : () -> ()
  "func.func"() <{function_type = (!llvm.ptr) -> !llvm.ptr, sym_name = "dora_get_coinbase_ptr", sym_visibility = "private"}> ({
  }) : () -> ()
  "func.func"() <{function_type = (!llvm.ptr, !llvm.ptr) -> (), sym_name = "dora_get_block_number", sym_visibility = "private"}> ({
  }) : () -> ()
  "func.func"() <{function_type = (!llvm.ptr, !llvm.ptr) -> i64, sym_name = "dora_get_codesize_from_address", sym_visibility = "private"}> ({
  }) : () -> ()
  "func.func"() <{function_type = (!llvm.ptr) -> !llvm.ptr, sym_name = "dora_get_address_ptr", sym_visibility = "private"}> ({
  }) : () -> ()
  "func.func"() <{function_type = (!llvm.ptr, !llvm.ptr) -> (), sym_name = "dora_get_prevrandao", sym_visibility = "private"}> ({
  }) : () -> ()
  "func.func"() <{function_type = (!llvm.ptr, !llvm.ptr) -> (), sym_name = "dora_store_in_timestamp_ptr", sym_visibility = "private"}> ({
  }) : () -> ()
  "func.func"() <{function_type = (!llvm.ptr, !llvm.ptr) -> (), sym_name = "dora_store_in_basefee_ptr", sym_visibility = "private"}> ({
  }) : () -> ()
  "func.func"() <{function_type = (!llvm.ptr, i64, !llvm.ptr, !llvm.ptr, i32, i32, i32, i32, i64, !llvm.ptr, i8) -> i8, sym_name = "dora_call", sym_visibility = "private"}> ({
  }) : () -> ()
  "func.func"() <{function_type = (!llvm.ptr, !llvm.ptr, !llvm.ptr) -> (), sym_name = "dora_store_in_balance", sym_visibility = "private"}> ({
  }) : () -> ()
  "func.func"() <{function_type = (!llvm.ptr, !llvm.ptr, i32, i32, i32) -> (), sym_name = "dora_copy_ext_code_to_memory", sym_visibility = "private"}> ({
  }) : () -> ()
  "func.func"() <{function_type = (!llvm.ptr, !llvm.ptr, !llvm.ptr) -> (), sym_name = "dora_get_blob_hash_at_index", sym_visibility = "private"}> ({
  }) : () -> ()
  "func.func"() <{function_type = (!llvm.ptr, !llvm.ptr) -> (), sym_name = "dora_get_block_hash", sym_visibility = "private"}> ({
  }) : () -> ()
  "func.func"() <{function_type = (!llvm.ptr, !llvm.ptr) -> (), sym_name = "dora_get_code_hash", sym_visibility = "private"}> ({
  }) : () -> ()
  "func.func"() <{function_type = (!llvm.ptr, i32, i32, !llvm.ptr, !llvm.ptr) -> i8, sym_name = "dora_create", sym_visibility = "private"}> ({
  }) : () -> ()
  "func.func"() <{function_type = (!llvm.ptr, i32, i32, !llvm.ptr, !llvm.ptr, !llvm.ptr) -> i8, sym_name = "dora_create2", sym_visibility = "private"}> ({
  }) : () -> ()
  "func.func"() <{function_type = (!llvm.ptr) -> i32, sym_name = "dora_get_return_data_size", sym_visibility = "private"}> ({
  }) : () -> ()
  "func.func"() <{function_type = (!llvm.ptr, i32, i32, i32) -> (), sym_name = "dora_copy_return_data_into_memory", sym_visibility = "private"}> ({
  }) : () -> ()
  "func.func"() <{function_type = (!llvm.ptr, !llvm.ptr) -> i64, sym_name = "dora_selfdestruct", sym_visibility = "private"}> ({
  }) : () -> ()
  "func.func"() <{function_type = (!llvm.ptr, !llvm.ptr, !llvm.ptr) -> (), sym_name = "dora_transient_storage_read", sym_visibility = "private"}> ({
  }) : () -> ()
  "func.func"() <{function_type = (!llvm.ptr, !llvm.ptr, !llvm.ptr) -> (), sym_name = "dora_transient_storage_write", sym_visibility = "private"}> ({
  }) : () -> ()
  "func.func"() <{function_type = (!llvm.ptr, i64) -> i8, sym_name = "main", sym_visibility = "public"}> ({
  ^bb0(%arg0: !llvm.ptr, %arg1: i64):
    %0 = "arith.constant"() <{value = 1024 : i256}> : () -> i256
    %1 = "llvm.alloca"(%0) <{elem_type = i256}> : (i256) -> !llvm.ptr
    %2 = "llvm.mlir.addressof"() <{global_name = @dora_stack_ptr}> : () -> !llvm.ptr
    "llvm.store"(%1, %2) <{ordering = 0 : i64}> : (!llvm.ptr, !llvm.ptr) -> ()
    %3 = "arith.constant"() <{value = 0 : i32}> : () -> i32
    %4 = "llvm.mlir.addressof"() <{global_name = @dora_memory_size}> : () -> !llvm.ptr
    "llvm.store"(%3, %4) <{ordering = 0 : i64}> : (i32, !llvm.ptr) -> ()
    %5 = "func.call"(%arg0) <{callee = @dora_get_calldata_ptr}> : (!llvm.ptr) -> !llvm.ptr
    %6 = "llvm.mlir.addressof"() <{global_name = @dora_calldata_ptr}> : () -> !llvm.ptr
    "llvm.store"(%5, %6) <{ordering = 0 : i64}> : (!llvm.ptr, !llvm.ptr) -> ()
    %7 = "func.call"(%arg0) <{callee = @dora_get_calldata_size}> : (!llvm.ptr) -> i32
    %8 = "llvm.mlir.addressof"() <{global_name = @dora_calldata_size}> : () -> !llvm.ptr
    "llvm.store"(%7, %8) <{ordering = 0 : i64}> : (i32, !llvm.ptr) -> ()
    %9 = "llvm.mlir.addressof"() <{global_name = @dora_gas_counter}> : () -> !llvm.ptr
    "llvm.store"(%arg1, %9) <{ordering = 0 : i64}> : (i64, !llvm.ptr) -> ()
    "cf.br"()[^bb3] : () -> ()
  ^bb1:  // 2 preds: ^bb2, ^bb15
    %10 = "arith.constant"() <{value = 0 : i32}> : () -> i32
    %11 = "arith.constant"() <{value = 0 : i64}> : () -> i64
    %12 = "arith.constant"() <{value = 3 : i8}> : () -> i8
    "func.call"(%arg0, %10, %10, %11, %12) <{callee = @dora_write_result}> : (!llvm.ptr, i32, i32, i64, i8) -> ()
    "func.return"(%12) : (i8) -> ()
  ^bb2(%13: i256):  // no predecessors
    "cf.switch"(%13)[^bb1] <{case_operand_segments = array<i32>, case_values = dense<> : tensor<0xi256>, operandSegmentSizes = array<i32: 1, 0, 0>}> : (i256) -> ()
  ^bb3:  // pred: ^bb0
    %14 = "arith.constant"() <{value = 57669888194366464517598830424248860356609074394020202793089226410191109488639 : i256}> : () -> i256
    %15 = "llvm.mlir.addressof"() <{global_name = @dora_stack_ptr}> : () -> !llvm.ptr
    %16 = "llvm.load"(%15) <{ordering = 0 : i64}> : (!llvm.ptr) -> !llvm.ptr
    "llvm.store"(%14, %16) <{ordering = 0 : i64}> : (i256, !llvm.ptr) -> ()
    %17 = "llvm.getelementptr"(%16) <{elem_type = i256, rawConstantIndices = array<i32: 1>}> : (!llvm.ptr) -> !llvm.ptr
    "llvm.store"(%17, %15) <{ordering = 0 : i64}> : (!llvm.ptr, !llvm.ptr) -> ()
    "cf.br"()[^bb4] : () -> ()
  ^bb4:  // pred: ^bb3
    %18 = "arith.constant"() <{value = 0 : i256}> : () -> i256
    %19 = "llvm.mlir.addressof"() <{global_name = @dora_stack_ptr}> : () -> !llvm.ptr
    %20 = "llvm.load"(%19) <{ordering = 0 : i64}> : (!llvm.ptr) -> !llvm.ptr
    "llvm.store"(%18, %20) <{ordering = 0 : i64}> : (i256, !llvm.ptr) -> ()
    %21 = "llvm.getelementptr"(%20) <{elem_type = i256, rawConstantIndices = array<i32: 1>}> : (!llvm.ptr) -> !llvm.ptr
    "llvm.store"(%21, %19) <{ordering = 0 : i64}> : (!llvm.ptr, !llvm.ptr) -> ()
    "cf.br"()[^bb5] : () -> ()
  ^bb5:  // pred: ^bb4
    %22 = "llvm.mlir.addressof"() <{global_name = @dora_stack_ptr}> : () -> !llvm.ptr
    %23 = "llvm.load"(%22) <{ordering = 0 : i64}> : (!llvm.ptr) -> !llvm.ptr
    %24 = "llvm.getelementptr"(%23) <{elem_type = i256, rawConstantIndices = array<i32: -1>}> : (!llvm.ptr) -> !llvm.ptr
    %25 = "llvm.load"(%24) <{ordering = 0 : i64}> : (!llvm.ptr) -> i256
    "llvm.store"(%24, %22) <{ordering = 0 : i64}> : (!llvm.ptr, !llvm.ptr) -> ()
    %26 = "llvm.mlir.addressof"() <{global_name = @dora_stack_ptr}> : () -> !llvm.ptr
    %27 = "llvm.load"(%26) <{ordering = 0 : i64}> : (!llvm.ptr) -> !llvm.ptr
    %28 = "llvm.getelementptr"(%27) <{elem_type = i256, rawConstantIndices = array<i32: -1>}> : (!llvm.ptr) -> !llvm.ptr
    %29 = "llvm.load"(%28) <{ordering = 0 : i64}> : (!llvm.ptr) -> i256
    "llvm.store"(%28, %26) <{ordering = 0 : i64}> : (!llvm.ptr, !llvm.ptr) -> ()
    %30 = "arith.trunci"(%25) : (i256) -> i32
    %31 = "arith.constant"() <{value = 32 : i32}> : () -> i32
    %32 = "arith.addi"(%30, %31) <{overflowFlags = #arith.overflow<none>}> : (i32, i32) -> i32
    %33 = "llvm.mlir.addressof"() <{global_name = @dora_memory_size}> : () -> !llvm.ptr
    %34 = "llvm.load"(%33) <{ordering = 0 : i64}> : (!llvm.ptr) -> i32
    %35 = "arith.constant"() <{value = 31 : i32}> : () -> i32
    %36 = "arith.constant"() <{value = 32 : i32}> : () -> i32
    %37 = "arith.addi"(%32, %35) <{overflowFlags = #arith.overflow<none>}> : (i32, i32) -> i32
    %38 = "arith.divui"(%37, %36) : (i32, i32) -> i32
    %39 = "arith.muli"(%38, %36) <{overflowFlags = #arith.overflow<none>}> : (i32, i32) -> i32
    %40 = "arith.cmpi"(%34, %39) <{predicate = 6 : i64}> : (i32, i32) -> i1
    "scf.if"(%40) ({
      %217 = "func.call"(%arg0, %39) <{callee = @dora_extend_memory}> : (!llvm.ptr, i32) -> !llvm.ptr
      "llvm.store"(%39, %33) <{ordering = 0 : i64}> : (i32, !llvm.ptr) -> ()
      %218 = "llvm.mlir.addressof"() <{global_name = @dora_memory_ptr}> : () -> !llvm.ptr
      "llvm.store"(%217, %218) <{ordering = 0 : i64}> : (!llvm.ptr, !llvm.ptr) -> ()
      "scf.yield"() : () -> ()
    }, {
      "scf.yield"() : () -> ()
    }) : (i1) -> ()
    %41 = "llvm.mlir.addressof"() <{global_name = @dora_memory_ptr}> : () -> !llvm.ptr
    %42 = "llvm.load"(%41) <{ordering = 0 : i64}> : (!llvm.ptr) -> !llvm.ptr
    %43 = "llvm.getelementptr"(%42, %30) <{elem_type = i8, rawConstantIndices = array<i32: -2147483648>}> : (!llvm.ptr, i32) -> !llvm.ptr
    %44 = "llvm.intr.bswap"(%29) : (i256) -> i256
    "llvm.store"(%44, %43) <{alignment = 1 : i64, ordering = 0 : i64}> : (i256, !llvm.ptr) -> ()
    "cf.br"()[^bb6] : () -> ()
  ^bb6:  // pred: ^bb5
    %45 = "arith.constant"() <{value = -282693306169198560872784742741978202424711039104693490077813924759764729856 : i256}> : () -> i256
    %46 = "llvm.mlir.addressof"() <{global_name = @dora_stack_ptr}> : () -> !llvm.ptr
    %47 = "llvm.load"(%46) <{ordering = 0 : i64}> : (!llvm.ptr) -> !llvm.ptr
    "llvm.store"(%45, %47) <{ordering = 0 : i64}> : (i256, !llvm.ptr) -> ()
    %48 = "llvm.getelementptr"(%47) <{elem_type = i256, rawConstantIndices = array<i32: 1>}> : (!llvm.ptr) -> !llvm.ptr
    "llvm.store"(%48, %46) <{ordering = 0 : i64}> : (!llvm.ptr, !llvm.ptr) -> ()
    "cf.br"()[^bb7] : () -> ()
  ^bb7:  // pred: ^bb6
    %49 = "arith.constant"() <{value = 32 : i256}> : () -> i256
    %50 = "llvm.mlir.addressof"() <{global_name = @dora_stack_ptr}> : () -> !llvm.ptr
    %51 = "llvm.load"(%50) <{ordering = 0 : i64}> : (!llvm.ptr) -> !llvm.ptr
    "llvm.store"(%49, %51) <{ordering = 0 : i64}> : (i256, !llvm.ptr) -> ()
    %52 = "llvm.getelementptr"(%51) <{elem_type = i256, rawConstantIndices = array<i32: 1>}> : (!llvm.ptr) -> !llvm.ptr
    "llvm.store"(%52, %50) <{ordering = 0 : i64}> : (!llvm.ptr, !llvm.ptr) -> ()
    "cf.br"()[^bb8] : () -> ()
  ^bb8:  // pred: ^bb7
    %53 = "llvm.mlir.addressof"() <{global_name = @dora_stack_ptr}> : () -> !llvm.ptr
    %54 = "llvm.load"(%53) <{ordering = 0 : i64}> : (!llvm.ptr) -> !llvm.ptr
    %55 = "llvm.getelementptr"(%54) <{elem_type = i256, rawConstantIndices = array<i32: -1>}> : (!llvm.ptr) -> !llvm.ptr
    %56 = "llvm.load"(%55) <{ordering = 0 : i64}> : (!llvm.ptr) -> i256
    "llvm.store"(%55, %53) <{ordering = 0 : i64}> : (!llvm.ptr, !llvm.ptr) -> ()
    %57 = "llvm.mlir.addressof"() <{global_name = @dora_stack_ptr}> : () -> !llvm.ptr
    %58 = "llvm.load"(%57) <{ordering = 0 : i64}> : (!llvm.ptr) -> !llvm.ptr
    %59 = "llvm.getelementptr"(%58) <{elem_type = i256, rawConstantIndices = array<i32: -1>}> : (!llvm.ptr) -> !llvm.ptr
    %60 = "llvm.load"(%59) <{ordering = 0 : i64}> : (!llvm.ptr) -> i256
    "llvm.store"(%59, %57) <{ordering = 0 : i64}> : (!llvm.ptr, !llvm.ptr) -> ()
    %61 = "arith.trunci"(%56) : (i256) -> i32
    %62 = "arith.constant"() <{value = 32 : i32}> : () -> i32
    %63 = "arith.addi"(%61, %62) <{overflowFlags = #arith.overflow<none>}> : (i32, i32) -> i32
    %64 = "llvm.mlir.addressof"() <{global_name = @dora_memory_size}> : () -> !llvm.ptr
    %65 = "llvm.load"(%64) <{ordering = 0 : i64}> : (!llvm.ptr) -> i32
    %66 = "arith.constant"() <{value = 31 : i32}> : () -> i32
    %67 = "arith.constant"() <{value = 32 : i32}> : () -> i32
    %68 = "arith.addi"(%63, %66) <{overflowFlags = #arith.overflow<none>}> : (i32, i32) -> i32
    %69 = "arith.divui"(%68, %67) : (i32, i32) -> i32
    %70 = "arith.muli"(%69, %67) <{overflowFlags = #arith.overflow<none>}> : (i32, i32) -> i32
    %71 = "arith.cmpi"(%65, %70) <{predicate = 6 : i64}> : (i32, i32) -> i1
    "scf.if"(%71) ({
      %217 = "func.call"(%arg0, %70) <{callee = @dora_extend_memory}> : (!llvm.ptr, i32) -> !llvm.ptr
      "llvm.store"(%70, %64) <{ordering = 0 : i64}> : (i32, !llvm.ptr) -> ()
      %218 = "llvm.mlir.addressof"() <{global_name = @dora_memory_ptr}> : () -> !llvm.ptr
      "llvm.store"(%217, %218) <{ordering = 0 : i64}> : (!llvm.ptr, !llvm.ptr) -> ()
      "scf.yield"() : () -> ()
    }, {
      "scf.yield"() : () -> ()
    }) : (i1) -> ()
    %72 = "llvm.mlir.addressof"() <{global_name = @dora_memory_ptr}> : () -> !llvm.ptr
    %73 = "llvm.load"(%72) <{ordering = 0 : i64}> : (!llvm.ptr) -> !llvm.ptr
    %74 = "llvm.getelementptr"(%73, %61) <{elem_type = i8, rawConstantIndices = array<i32: -2147483648>}> : (!llvm.ptr, i32) -> !llvm.ptr
    %75 = "llvm.intr.bswap"(%60) : (i256) -> i256
    "llvm.store"(%75, %74) <{alignment = 1 : i64, ordering = 0 : i64}> : (i256, !llvm.ptr) -> ()
    "cf.br"()[^bb9] : () -> ()
  ^bb9:  // pred: ^bb8
    %76 = "arith.constant"() <{value = 10123276409175967808859434475862811765392092841461775252157603250176 : i256}> : () -> i256
    %77 = "llvm.mlir.addressof"() <{global_name = @dora_stack_ptr}> : () -> !llvm.ptr
    %78 = "llvm.load"(%77) <{ordering = 0 : i64}> : (!llvm.ptr) -> !llvm.ptr
    "llvm.store"(%76, %78) <{ordering = 0 : i64}> : (i256, !llvm.ptr) -> ()
    %79 = "llvm.getelementptr"(%78) <{elem_type = i256, rawConstantIndices = array<i32: 1>}> : (!llvm.ptr) -> !llvm.ptr
    "llvm.store"(%79, %77) <{ordering = 0 : i64}> : (!llvm.ptr, !llvm.ptr) -> ()
    "cf.br"()[^bb10] : () -> ()
  ^bb10:  // pred: ^bb9
    %80 = "arith.constant"() <{value = 64 : i256}> : () -> i256
    %81 = "llvm.mlir.addressof"() <{global_name = @dora_stack_ptr}> : () -> !llvm.ptr
    %82 = "llvm.load"(%81) <{ordering = 0 : i64}> : (!llvm.ptr) -> !llvm.ptr
    "llvm.store"(%80, %82) <{ordering = 0 : i64}> : (i256, !llvm.ptr) -> ()
    %83 = "llvm.getelementptr"(%82) <{elem_type = i256, rawConstantIndices = array<i32: 1>}> : (!llvm.ptr) -> !llvm.ptr
    "llvm.store"(%83, %81) <{ordering = 0 : i64}> : (!llvm.ptr, !llvm.ptr) -> ()
    "cf.br"()[^bb11] : () -> ()
  ^bb11:  // pred: ^bb10
    %84 = "llvm.mlir.addressof"() <{global_name = @dora_stack_ptr}> : () -> !llvm.ptr
    %85 = "llvm.load"(%84) <{ordering = 0 : i64}> : (!llvm.ptr) -> !llvm.ptr
    %86 = "llvm.getelementptr"(%85) <{elem_type = i256, rawConstantIndices = array<i32: -1>}> : (!llvm.ptr) -> !llvm.ptr
    %87 = "llvm.load"(%86) <{ordering = 0 : i64}> : (!llvm.ptr) -> i256
    "llvm.store"(%86, %84) <{ordering = 0 : i64}> : (!llvm.ptr, !llvm.ptr) -> ()
    %88 = "llvm.mlir.addressof"() <{global_name = @dora_stack_ptr}> : () -> !llvm.ptr
    %89 = "llvm.load"(%88) <{ordering = 0 : i64}> : (!llvm.ptr) -> !llvm.ptr
    %90 = "llvm.getelementptr"(%89) <{elem_type = i256, rawConstantIndices = array<i32: -1>}> : (!llvm.ptr) -> !llvm.ptr
    %91 = "llvm.load"(%90) <{ordering = 0 : i64}> : (!llvm.ptr) -> i256
    "llvm.store"(%90, %88) <{ordering = 0 : i64}> : (!llvm.ptr, !llvm.ptr) -> ()
    %92 = "arith.trunci"(%87) : (i256) -> i32
    %93 = "arith.constant"() <{value = 32 : i32}> : () -> i32
    %94 = "arith.addi"(%92, %93) <{overflowFlags = #arith.overflow<none>}> : (i32, i32) -> i32
    %95 = "llvm.mlir.addressof"() <{global_name = @dora_memory_size}> : () -> !llvm.ptr
    %96 = "llvm.load"(%95) <{ordering = 0 : i64}> : (!llvm.ptr) -> i32
    %97 = "arith.constant"() <{value = 31 : i32}> : () -> i32
    %98 = "arith.constant"() <{value = 32 : i32}> : () -> i32
    %99 = "arith.addi"(%94, %97) <{overflowFlags = #arith.overflow<none>}> : (i32, i32) -> i32
    %100 = "arith.divui"(%99, %98) : (i32, i32) -> i32
    %101 = "arith.muli"(%100, %98) <{overflowFlags = #arith.overflow<none>}> : (i32, i32) -> i32
    %102 = "arith.cmpi"(%96, %101) <{predicate = 6 : i64}> : (i32, i32) -> i1
    "scf.if"(%102) ({
      %217 = "func.call"(%arg0, %101) <{callee = @dora_extend_memory}> : (!llvm.ptr, i32) -> !llvm.ptr
      "llvm.store"(%101, %95) <{ordering = 0 : i64}> : (i32, !llvm.ptr) -> ()
      %218 = "llvm.mlir.addressof"() <{global_name = @dora_memory_ptr}> : () -> !llvm.ptr
      "llvm.store"(%217, %218) <{ordering = 0 : i64}> : (!llvm.ptr, !llvm.ptr) -> ()
      "scf.yield"() : () -> ()
    }, {
      "scf.yield"() : () -> ()
    }) : (i1) -> ()
    %103 = "llvm.mlir.addressof"() <{global_name = @dora_memory_ptr}> : () -> !llvm.ptr
    %104 = "llvm.load"(%103) <{ordering = 0 : i64}> : (!llvm.ptr) -> !llvm.ptr
    %105 = "llvm.getelementptr"(%104, %92) <{elem_type = i8, rawConstantIndices = array<i32: -2147483648>}> : (!llvm.ptr, i32) -> !llvm.ptr
    %106 = "llvm.intr.bswap"(%91) : (i256) -> i256
    "llvm.store"(%106, %105) <{alignment = 1 : i64, ordering = 0 : i64}> : (i256, !llvm.ptr) -> ()
    "cf.br"()[^bb12] : () -> ()
  ^bb12:  // pred: ^bb11
    %107 = "arith.constant"() <{value = 77 : i256}> : () -> i256
    %108 = "llvm.mlir.addressof"() <{global_name = @dora_stack_ptr}> : () -> !llvm.ptr
    %109 = "llvm.load"(%108) <{ordering = 0 : i64}> : (!llvm.ptr) -> !llvm.ptr
    "llvm.store"(%107, %109) <{ordering = 0 : i64}> : (i256, !llvm.ptr) -> ()
    %110 = "llvm.getelementptr"(%109) <{elem_type = i256, rawConstantIndices = array<i32: 1>}> : (!llvm.ptr) -> !llvm.ptr
    "llvm.store"(%110, %108) <{ordering = 0 : i64}> : (!llvm.ptr, !llvm.ptr) -> ()
    "cf.br"()[^bb13] : () -> ()
  ^bb13:  // pred: ^bb12
    %111 = "arith.constant"() <{value = 0 : i256}> : () -> i256
    %112 = "llvm.mlir.addressof"() <{global_name = @dora_stack_ptr}> : () -> !llvm.ptr
    %113 = "llvm.load"(%112) <{ordering = 0 : i64}> : (!llvm.ptr) -> !llvm.ptr
    "llvm.store"(%111, %113) <{ordering = 0 : i64}> : (i256, !llvm.ptr) -> ()
    %114 = "llvm.getelementptr"(%113) <{elem_type = i256, rawConstantIndices = array<i32: 1>}> : (!llvm.ptr) -> !llvm.ptr
    "llvm.store"(%114, %112) <{ordering = 0 : i64}> : (!llvm.ptr, !llvm.ptr) -> ()
    "cf.br"()[^bb14] : () -> ()
  ^bb14:  // pred: ^bb13
    %115 = "arith.constant"() <{value = 0 : i256}> : () -> i256
    %116 = "llvm.mlir.addressof"() <{global_name = @dora_stack_ptr}> : () -> !llvm.ptr
    %117 = "llvm.load"(%116) <{ordering = 0 : i64}> : (!llvm.ptr) -> !llvm.ptr
    "llvm.store"(%115, %117) <{ordering = 0 : i64}> : (i256, !llvm.ptr) -> ()
    %118 = "llvm.getelementptr"(%117) <{elem_type = i256, rawConstantIndices = array<i32: 1>}> : (!llvm.ptr) -> !llvm.ptr
    "llvm.store"(%118, %116) <{ordering = 0 : i64}> : (!llvm.ptr, !llvm.ptr) -> ()
    "cf.br"()[^bb15] : () -> ()
  ^bb15:  // pred: ^bb14
    %119 = "llvm.mlir.addressof"() <{global_name = @dora_stack_ptr}> : () -> !llvm.ptr
    %120 = "llvm.load"(%119) <{ordering = 0 : i64}> : (!llvm.ptr) -> !llvm.ptr
    %121 = "llvm.getelementptr"(%120) <{elem_type = i256, rawConstantIndices = array<i32: -1>}> : (!llvm.ptr) -> !llvm.ptr
    %122 = "llvm.load"(%121) <{ordering = 0 : i64}> : (!llvm.ptr) -> i256
    "llvm.store"(%121, %119) <{ordering = 0 : i64}> : (!llvm.ptr, !llvm.ptr) -> ()
    %123 = "llvm.mlir.addressof"() <{global_name = @dora_stack_ptr}> : () -> !llvm.ptr
    %124 = "llvm.load"(%123) <{ordering = 0 : i64}> : (!llvm.ptr) -> !llvm.ptr
    %125 = "llvm.getelementptr"(%124) <{elem_type = i256, rawConstantIndices = array<i32: -1>}> : (!llvm.ptr) -> !llvm.ptr
    %126 = "llvm.load"(%125) <{ordering = 0 : i64}> : (!llvm.ptr) -> i256
    "llvm.store"(%125, %123) <{ordering = 0 : i64}> : (!llvm.ptr, !llvm.ptr) -> ()
    %127 = "llvm.mlir.addressof"() <{global_name = @dora_stack_ptr}> : () -> !llvm.ptr
    %128 = "llvm.load"(%127) <{ordering = 0 : i64}> : (!llvm.ptr) -> !llvm.ptr
    %129 = "llvm.getelementptr"(%128) <{elem_type = i256, rawConstantIndices = array<i32: -1>}> : (!llvm.ptr) -> !llvm.ptr
    %130 = "llvm.load"(%129) <{ordering = 0 : i64}> : (!llvm.ptr) -> i256
    "llvm.store"(%129, %127) <{ordering = 0 : i64}> : (!llvm.ptr, !llvm.ptr) -> ()
    %131 = "arith.trunci"(%126) : (i256) -> i32
    %132 = "arith.trunci"(%130) : (i256) -> i32
    %133 = "arith.addi"(%131, %132) <{overflowFlags = #arith.overflow<none>}> : (i32, i32) -> i32
    %134 = "llvm.mlir.addressof"() <{global_name = @dora_memory_size}> : () -> !llvm.ptr
    %135 = "llvm.load"(%134) <{ordering = 0 : i64}> : (!llvm.ptr) -> i32
    %136 = "arith.constant"() <{value = 31 : i32}> : () -> i32
    %137 = "arith.constant"() <{value = 32 : i32}> : () -> i32
    %138 = "arith.addi"(%133, %136) <{overflowFlags = #arith.overflow<none>}> : (i32, i32) -> i32
    %139 = "arith.divui"(%138, %137) : (i32, i32) -> i32
    %140 = "arith.muli"(%139, %137) <{overflowFlags = #arith.overflow<none>}> : (i32, i32) -> i32
    %141 = "arith.cmpi"(%135, %140) <{predicate = 6 : i64}> : (i32, i32) -> i1
    "scf.if"(%141) ({
      %217 = "func.call"(%arg0, %140) <{callee = @dora_extend_memory}> : (!llvm.ptr, i32) -> !llvm.ptr
      "llvm.store"(%140, %134) <{ordering = 0 : i64}> : (i32, !llvm.ptr) -> ()
      %218 = "llvm.mlir.addressof"() <{global_name = @dora_memory_ptr}> : () -> !llvm.ptr
      "llvm.store"(%217, %218) <{ordering = 0 : i64}> : (!llvm.ptr, !llvm.ptr) -> ()
      "scf.yield"() : () -> ()
    }, {
      "scf.yield"() : () -> ()
    }) : (i1) -> ()
    %142 = "arith.constant"() <{value = 1 : i256}> : () -> i256
    %143 = "llvm.alloca"(%142) <{elem_type = i256}> : (i256) -> !llvm.ptr
    "llvm.store"(%122, %143) <{alignment = 1 : i64, ordering = 0 : i64}> : (i256, !llvm.ptr) -> ()
    %144 = "llvm.mlir.addressof"() <{global_name = @dora_gas_counter}> : () -> !llvm.ptr
    %145 = "llvm.load"(%144) <{ordering = 0 : i64}> : (!llvm.ptr) -> i64
    %146 = "arith.constant"() <{value = 1 : i64}> : () -> i64
    %147 = "llvm.alloca"(%146) <{elem_type = i64}> : (i64) -> !llvm.ptr
    "llvm.store"(%145, %147) <{alignment = 1 : i64, ordering = 0 : i64}> : (i64, !llvm.ptr) -> ()
    %148 = "func.call"(%arg0, %132, %131, %143, %147) <{callee = @dora_create}> : (!llvm.ptr, i32, i32, !llvm.ptr, !llvm.ptr) -> i8
    %149 = "arith.constant"() <{value = 0 : i8}> : () -> i8
    %150 = "arith.cmpi"(%149, %148) <{predicate = 0 : i64}> : (i8, i8) -> i1
    "cf.cond_br"(%150)[^bb16, ^bb1] <{operandSegmentSizes = array<i32: 1, 0, 0>}> : (i1) -> ()
  ^bb16:  // pred: ^bb15
    %151 = "llvm.load"(%143) <{ordering = 0 : i64}> : (!llvm.ptr) -> i256
    %152 = "llvm.mlir.addressof"() <{global_name = @dora_stack_ptr}> : () -> !llvm.ptr
    %153 = "llvm.load"(%152) <{ordering = 0 : i64}> : (!llvm.ptr) -> !llvm.ptr
    "llvm.store"(%151, %153) <{ordering = 0 : i64}> : (i256, !llvm.ptr) -> ()
    %154 = "llvm.getelementptr"(%153) <{elem_type = i256, rawConstantIndices = array<i32: 1>}> : (!llvm.ptr) -> !llvm.ptr
    "llvm.store"(%154, %152) <{ordering = 0 : i64}> : (!llvm.ptr, !llvm.ptr) -> ()
    "cf.br"()[^bb17] : () -> ()
  ^bb17:  // pred: ^bb16
    %155 = "arith.constant"() <{value = 0 : i256}> : () -> i256
    %156 = "llvm.mlir.addressof"() <{global_name = @dora_stack_ptr}> : () -> !llvm.ptr
    %157 = "llvm.load"(%156) <{ordering = 0 : i64}> : (!llvm.ptr) -> !llvm.ptr
    "llvm.store"(%155, %157) <{ordering = 0 : i64}> : (i256, !llvm.ptr) -> ()
    %158 = "llvm.getelementptr"(%157) <{elem_type = i256, rawConstantIndices = array<i32: 1>}> : (!llvm.ptr) -> !llvm.ptr
    "llvm.store"(%158, %156) <{ordering = 0 : i64}> : (!llvm.ptr, !llvm.ptr) -> ()
    "cf.br"()[^bb18] : () -> ()
  ^bb18:  // pred: ^bb17
    %159 = "arith.constant"() <{value = 0 : i256}> : () -> i256
    %160 = "llvm.mlir.addressof"() <{global_name = @dora_stack_ptr}> : () -> !llvm.ptr
    %161 = "llvm.load"(%160) <{ordering = 0 : i64}> : (!llvm.ptr) -> !llvm.ptr
    "llvm.store"(%159, %161) <{ordering = 0 : i64}> : (i256, !llvm.ptr) -> ()
    %162 = "llvm.getelementptr"(%161) <{elem_type = i256, rawConstantIndices = array<i32: 1>}> : (!llvm.ptr) -> !llvm.ptr
    "llvm.store"(%162, %160) <{ordering = 0 : i64}> : (!llvm.ptr, !llvm.ptr) -> ()
    "cf.br"()[^bb19] : () -> ()
  ^bb19:  // pred: ^bb18
    %163 = "arith.constant"() <{value = 0 : i256}> : () -> i256
    %164 = "llvm.mlir.addressof"() <{global_name = @dora_stack_ptr}> : () -> !llvm.ptr
    %165 = "llvm.load"(%164) <{ordering = 0 : i64}> : (!llvm.ptr) -> !llvm.ptr
    "llvm.store"(%163, %165) <{ordering = 0 : i64}> : (i256, !llvm.ptr) -> ()
    %166 = "llvm.getelementptr"(%165) <{elem_type = i256, rawConstantIndices = array<i32: 1>}> : (!llvm.ptr) -> !llvm.ptr
    "llvm.store"(%166, %164) <{ordering = 0 : i64}> : (!llvm.ptr, !llvm.ptr) -> ()
    "cf.br"()[^bb20] : () -> ()
  ^bb20:  // pred: ^bb19
    %167 = "arith.constant"() <{value = 0 : i256}> : () -> i256
    %168 = "llvm.mlir.addressof"() <{global_name = @dora_stack_ptr}> : () -> !llvm.ptr
    %169 = "llvm.load"(%168) <{ordering = 0 : i64}> : (!llvm.ptr) -> !llvm.ptr
    "llvm.store"(%167, %169) <{ordering = 0 : i64}> : (i256, !llvm.ptr) -> ()
    %170 = "llvm.getelementptr"(%169) <{elem_type = i256, rawConstantIndices = array<i32: 1>}> : (!llvm.ptr) -> !llvm.ptr
    "llvm.store"(%170, %168) <{ordering = 0 : i64}> : (!llvm.ptr, !llvm.ptr) -> ()
    "cf.br"()[^bb21] : () -> ()
  ^bb21:  // pred: ^bb20
    %171 = "llvm.mlir.addressof"() <{global_name = @dora_stack_ptr}> : () -> !llvm.ptr
    %172 = "llvm.load"(%171) <{ordering = 0 : i64}> : (!llvm.ptr) -> !llvm.ptr
    %173 = "llvm.getelementptr"(%172) <{elem_type = i256, rawConstantIndices = array<i32: -5>}> : (!llvm.ptr) -> !llvm.ptr
    %174 = "llvm.load"(%173) <{ordering = 0 : i64}> : (!llvm.ptr) -> i256
    %175 = "llvm.mlir.addressof"() <{global_name = @dora_stack_ptr}> : () -> !llvm.ptr
    %176 = "llvm.load"(%175) <{ordering = 0 : i64}> : (!llvm.ptr) -> !llvm.ptr
    "llvm.store"(%174, %176) <{ordering = 0 : i64}> : (i256, !llvm.ptr) -> ()
    %177 = "llvm.getelementptr"(%176) <{elem_type = i256, rawConstantIndices = array<i32: 1>}> : (!llvm.ptr) -> !llvm.ptr
    "llvm.store"(%177, %175) <{ordering = 0 : i64}> : (!llvm.ptr, !llvm.ptr) -> ()
    "cf.br"()[^bb22] : () -> ()
  ^bb22:  // pred: ^bb21
    %178 = "arith.constant"() <{value = 4294967295 : i256}> : () -> i256
    %179 = "llvm.mlir.addressof"() <{global_name = @dora_stack_ptr}> : () -> !llvm.ptr
    %180 = "llvm.load"(%179) <{ordering = 0 : i64}> : (!llvm.ptr) -> !llvm.ptr
    "llvm.store"(%178, %180) <{ordering = 0 : i64}> : (i256, !llvm.ptr) -> ()
    %181 = "llvm.getelementptr"(%180) <{elem_type = i256, rawConstantIndices = array<i32: 1>}> : (!llvm.ptr) -> !llvm.ptr
    "llvm.store"(%181, %179) <{ordering = 0 : i64}> : (!llvm.ptr, !llvm.ptr) -> ()
    "cf.br"()[^bb23] : () -> ()
  ^bb23:  // pred: ^bb22
    %182 = "llvm.mlir.addressof"() <{global_name = @dora_stack_ptr}> : () -> !llvm.ptr
    %183 = "llvm.load"(%182) <{ordering = 0 : i64}> : (!llvm.ptr) -> !llvm.ptr
    %184 = "llvm.getelementptr"(%183) <{elem_type = i256, rawConstantIndices = array<i32: -1>}> : (!llvm.ptr) -> !llvm.ptr
    %185 = "llvm.load"(%184) <{ordering = 0 : i64}> : (!llvm.ptr) -> i256
    "llvm.store"(%184, %182) <{ordering = 0 : i64}> : (!llvm.ptr, !llvm.ptr) -> ()
    %186 = "llvm.mlir.addressof"() <{global_name = @dora_stack_ptr}> : () -> !llvm.ptr
    %187 = "llvm.load"(%186) <{ordering = 0 : i64}> : (!llvm.ptr) -> !llvm.ptr
    %188 = "llvm.getelementptr"(%187) <{elem_type = i256, rawConstantIndices = array<i32: -1>}> : (!llvm.ptr) -> !llvm.ptr
    %189 = "llvm.load"(%188) <{ordering = 0 : i64}> : (!llvm.ptr) -> i256
    "llvm.store"(%188, %186) <{ordering = 0 : i64}> : (!llvm.ptr, !llvm.ptr) -> ()
    %190 = "llvm.mlir.addressof"() <{global_name = @dora_stack_ptr}> : () -> !llvm.ptr
    %191 = "llvm.load"(%190) <{ordering = 0 : i64}> : (!llvm.ptr) -> !llvm.ptr
    %192 = "llvm.getelementptr"(%191) <{elem_type = i256, rawConstantIndices = array<i32: -1>}> : (!llvm.ptr) -> !llvm.ptr
    %193 = "llvm.load"(%192) <{ordering = 0 : i64}> : (!llvm.ptr) -> i256
    "llvm.store"(%192, %190) <{ordering = 0 : i64}> : (!llvm.ptr, !llvm.ptr) -> ()
    %194 = "llvm.mlir.addressof"() <{global_name = @dora_stack_ptr}> : () -> !llvm.ptr
    %195 = "llvm.load"(%194) <{ordering = 0 : i64}> : (!llvm.ptr) -> !llvm.ptr
    %196 = "llvm.getelementptr"(%195) <{elem_type = i256, rawConstantIndices = array<i32: -1>}> : (!llvm.ptr) -> !llvm.ptr
    %197 = "llvm.load"(%196) <{ordering = 0 : i64}> : (!llvm.ptr) -> i256
    "llvm.store"(%196, %194) <{ordering = 0 : i64}> : (!llvm.ptr, !llvm.ptr) -> ()
    %198 = "llvm.mlir.addressof"() <{global_name = @dora_stack_ptr}> : () -> !llvm.ptr
    %199 = "llvm.load"(%198) <{ordering = 0 : i64}> : (!llvm.ptr) -> !llvm.ptr
    %200 = "llvm.getelementptr"(%199) <{elem_type = i256, rawConstantIndices = array<i32: -1>}> : (!llvm.ptr) -> !llvm.ptr
    %201 = "llvm.load"(%200) <{ordering = 0 : i64}> : (!llvm.ptr) -> i256
    "llvm.store"(%200, %198) <{ordering = 0 : i64}> : (!llvm.ptr, !llvm.ptr) -> ()
    %202 = "llvm.mlir.addressof"() <{global_name = @dora_stack_ptr}> : () -> !llvm.ptr
    %203 = "llvm.load"(%202) <{ordering = 0 : i64}> : (!llvm.ptr) -> !llvm.ptr
    %204 = "llvm.getelementptr"(%203) <{elem_type = i256, rawConstantIndices = array<i32: -1>}> : (!llvm.ptr) -> !llvm.ptr
    %205 = "llvm.load"(%204) <{ordering = 0 : i64}> : (!llvm.ptr) -> i256
    "llvm.store"(%204, %202) <{ordering = 0 : i64}> : (!llvm.ptr, !llvm.ptr) -> ()
    %206 = "evm.delegatecall"(%185, %189, %193, %197, %201, %205) : (i256, i256, i256, i256, i256, i256) -> i256
    %207 = "llvm.mlir.addressof"() <{global_name = @dora_stack_ptr}> : () -> !llvm.ptr
    %208 = "llvm.load"(%207) <{ordering = 0 : i64}> : (!llvm.ptr) -> !llvm.ptr
    "llvm.store"(%206, %208) <{ordering = 0 : i64}> : (i256, !llvm.ptr) -> ()
    %209 = "llvm.getelementptr"(%208) <{elem_type = i256, rawConstantIndices = array<i32: 1>}> : (!llvm.ptr) -> !llvm.ptr
    "llvm.store"(%209, %207) <{ordering = 0 : i64}> : (!llvm.ptr, !llvm.ptr) -> ()
    "cf.br"()[^bb24] : () -> ()
  ^bb24:  // pred: ^bb23
    %210 = "func.call"(%arg0) <{callee = @dora_get_return_data_size}> : (!llvm.ptr) -> i32
    %211 = "arith.extui"(%210) : (i32) -> i256
    %212 = "llvm.mlir.addressof"() <{global_name = @dora_stack_ptr}> : () -> !llvm.ptr
    %213 = "llvm.load"(%212) <{ordering = 0 : i64}> : (!llvm.ptr) -> !llvm.ptr
    "llvm.store"(%211, %213) <{ordering = 0 : i64}> : (i256, !llvm.ptr) -> ()
    %214 = "llvm.getelementptr"(%213) <{elem_type = i256, rawConstantIndices = array<i32: 1>}> : (!llvm.ptr) -> !llvm.ptr
    "llvm.store"(%214, %212) <{ordering = 0 : i64}> : (!llvm.ptr, !llvm.ptr) -> ()
    "cf.br"()[^bb25] : () -> ()
  ^bb25:  // pred: ^bb24
    %215 = "arith.constant"() <{value = 0 : i32}> : () -> i32
    %216 = "arith.constant"() <{value = 1 : i8}> : () -> i8
    "func.call"(%arg0, %215, %215, %arg1, %216) <{callee = @dora_write_result}> : (!llvm.ptr, i32, i32, i64, i8) -> ()
    "func.return"(%216) : (i8) -> ()
  }) {llvm.emit_c_interface} : () -> ()
}) : () -> ()
