---
source: crates/dora-compiler/src/dora/tests/storage.rs
expression: op
---
module {
  func.func private @dora_fn_nop()
  func.func @dora_u256_map_get(%arg0: memref<?x3xi256>, %arg1: i256) -> (i256, i1) {
    %c0 = arith.constant 0 : index
    %c1 = arith.constant 1 : index
    %c2 = arith.constant 2 : index
    %c1_i256 = arith.constant 1 : i256
    %c0_i256 = arith.constant 0 : i256
    %false = arith.constant false
    %true = arith.constant true
    %dim = memref.dim %arg0, %c0 : memref<?x3xi256>
    %0 = call @dora_u256_map_hash(%arg0, %arg1) : (memref<?x3xi256>, i256) -> index
    %alloc = memref.alloc() : memref<1xindex>
    memref.store %0, %alloc[%c0] : memref<1xindex>
    %alloc_0 = memref.alloc() : memref<1xi256>
    %alloc_1 = memref.alloc() : memref<1xi1>
    memref.store %c0_i256, %alloc_0[%c0] : memref<1xi256>
    memref.store %false, %alloc_1[%c0] : memref<1xi1>
    scf.while : () -> () {
      %3 = memref.load %alloc[%c0] : memref<1xindex>
      %4 = memref.load %arg0[%3, %c2] : memref<?x3xi256>
      %5 = arith.cmpi eq, %4, %c1_i256 : i256
      scf.if %5 {
        %7 = memref.load %arg0[%3, %c0] : memref<?x3xi256>
        %8 = arith.cmpi eq, %7, %arg1 : i256
        scf.if %8 {
          %9 = memref.load %arg0[%3, %c1] : memref<?x3xi256>
          memref.store %9, %alloc_0[%c0] : memref<1xi256>
          memref.store %true, %alloc_1[%c0] : memref<1xi1>
        } else {
          %9 = arith.addi %3, %c1 : index
          %10 = arith.remsi %9, %dim : index
          memref.store %10, %alloc[%c0] : memref<1xindex>
        }
      } else {
      }
      %6 = scf.if %5 -> (i1) {
        %7 = memref.load %arg0[%3, %c0] : memref<?x3xi256>
        %8 = arith.cmpi ne, %7, %arg1 : i256
        scf.yield %8 : i1
      } else {
        %false_2 = arith.constant false
        scf.yield %false_2 : i1
      }
      scf.condition(%6)
    } do {
      scf.yield
    }
    %1 = memref.load %alloc_0[%c0] : memref<1xi256>
    %2 = memref.load %alloc_1[%c0] : memref<1xi1>
    memref.dealloc %alloc : memref<1xindex>
    memref.dealloc %alloc_0 : memref<1xi256>
    memref.dealloc %alloc_1 : memref<1xi1>
    return %1, %2 : i256, i1
  }
  func.func @dora_u256_map_insert(%arg0: memref<?x3xi256>, %arg1: i256, %arg2: i256) -> memref<?x3xi256> {
    %c0 = arith.constant 0 : index
    %c1 = arith.constant 1 : index
    %c2 = arith.constant 2 : index
    %c1_i256 = arith.constant 1 : i256
    %c0_i256 = arith.constant 0 : i256
    %dim = memref.dim %arg0, %c0 : memref<?x3xi256>
    %0 = call @dora_u256_map_hash(%arg0, %arg1) : (memref<?x3xi256>, i256) -> index
    %alloc = memref.alloc() : memref<1xindex>
    memref.store %0, %alloc[%c0] : memref<1xindex>
    scf.while : () -> () {
      %1 = memref.load %alloc[%c0] : memref<1xindex>
      %2 = memref.load %arg0[%1, %c2] : memref<?x3xi256>
      %3 = arith.cmpi eq, %2, %c1_i256 : i256
      scf.if %3 {
        %4 = memref.load %arg0[%1, %c0] : memref<?x3xi256>
        %5 = arith.cmpi eq, %4, %arg1 : i256
        scf.if %5 {
          memref.store %arg2, %arg0[%1, %c1] : memref<?x3xi256>
        } else {
          %6 = arith.addi %1, %c1 : index
          %7 = arith.remsi %6, %dim : index
          memref.store %7, %alloc[%c0] : memref<1xindex>
        }
      } else {
        memref.store %arg1, %arg0[%1, %c0] : memref<?x3xi256>
        memref.store %arg2, %arg0[%1, %c1] : memref<?x3xi256>
        memref.store %c1_i256, %arg0[%1, %c2] : memref<?x3xi256>
      }
      scf.condition(%3)
    } do {
      scf.yield
    }
    memref.dealloc %alloc : memref<1xindex>
    return %arg0 : memref<?x3xi256>
  }
  func.func @dora_u256_map_hash(%arg0: memref<?x3xi256>, %arg1: i256) -> index {
    %c0 = arith.constant 0 : index
    %c1_i256 = arith.constant 1 : i256
    %0 = llvm.alloca %c1_i256 x i256 : (i256) -> !llvm.ptr
    llvm.store %arg1, %0 : i256, !llvm.ptr
    %dim = memref.dim %arg0, %c0 : memref<?x3xi256>
    %1 = arith.index_cast %dim : index to i64
    %2 = llvm.load %0 : !llvm.ptr -> vector<4xi64>
    %3 = llvm.mlir.constant(dense<0> : vector<4xi64>) : vector<4xi64>
    %4 = llvm.xor %2, %3  : vector<4xi64>
    %5 = "llvm.vector.reduce.xor"(%4) : (vector<4xi64>) -> i64
    %6 = llvm.urem %5, %1  : i64
    %7 = arith.index_cast %6 : i64 to index
    return %7 : index
  }
  func.func @dora_u256_map_simple_hash(%arg0: memref<?x3xi256>, %arg1: i256) -> index {
    %c0 = arith.constant 0 : index
    %dim = memref.dim %arg0, %c0 : memref<?x3xi256>
    %0 = arith.index_cast %dim : index to i256
    %1 = llvm.urem %arg1, %0  : i256
    %2 = arith.index_cast %1 : i256 to index
    return %2 : index
  }
  func.func @dora_u256_map_new(%arg0: index) -> memref<?x3xi256> {
    %c0 = arith.constant 0 : index
    %c1 = arith.constant 1 : index
    %c2 = arith.constant 2 : index
    %c0_i256 = arith.constant 0 : i256
    %alloc = memref.alloc(%arg0) : memref<?x3xi256>
    scf.for %arg1 = %c0 to %arg0 step %c1 {
      memref.store %c0_i256, %alloc[%arg1, %c0] : memref<?x3xi256>
      memref.store %c0_i256, %alloc[%arg1, %c1] : memref<?x3xi256>
      memref.store %c0_i256, %alloc[%arg1, %c2] : memref<?x3xi256>
    }
    return %alloc : memref<?x3xi256>
  }
  func.func private @dora_fn_tracing(!llvm.ptr, i64, i8, i64, i64, !llvm.ptr, !llvm.ptr)
  func.func private @dora_fn_write_result(!llvm.ptr, i64, i64, i64, i8)
  func.func private @dora_fn_is_static(!llvm.ptr) -> i8
  func.func private @dora_fn_exp(!llvm.ptr, !llvm.ptr, !llvm.ptr)
  func.func private @dora_fn_keccak256_hasher(!llvm.ptr, i64, i64, !llvm.ptr)
  func.func private @dora_fn_calldata(!llvm.ptr) -> !llvm.ptr
  func.func private @dora_fn_calldata_size(!llvm.ptr) -> i64
  func.func private @dora_fn_calldata_copy(!llvm.ptr, i64, !llvm.ptr, i64)
  func.func private @dora_fn_data_load(!llvm.ptr, !llvm.ptr)
  func.func private @dora_fn_data_section(!llvm.ptr) -> !llvm.ptr
  func.func private @dora_fn_data_section_size(!llvm.ptr) -> i64
  func.func private @dora_fn_data_section_copy(!llvm.ptr, i64, !llvm.ptr, i64)
  func.func private @dora_fn_chainid(!llvm.ptr) -> i64
  func.func private @dora_fn_callvalue(!llvm.ptr, !llvm.ptr)
  func.func private @dora_fn_caller(!llvm.ptr, !llvm.ptr)
  func.func private @dora_fn_store_in_gasprice_ptr(!llvm.ptr, !llvm.ptr)
  func.func private @dora_fn_store_in_selfbalance_ptr(!llvm.ptr, !llvm.ptr) -> !llvm.ptr
  func.func private @dora_fn_store_in_blobbasefee_ptr(!llvm.ptr, !llvm.ptr)
  func.func private @dora_fn_store_in_gaslimit_ptr(!llvm.ptr, !llvm.ptr)
  func.func private @dora_fn_extend_memory(!llvm.ptr, i64) -> !llvm.ptr
  func.func private @dora_fn_memory_ptr(!llvm.ptr) -> !llvm.ptr
  func.func private @dora_fn_memory_size(!llvm.ptr) -> i64
  func.func private @dora_fn_code_copy(!llvm.ptr, i64, !llvm.ptr, i64)
  func.func private @dora_fn_sload(!llvm.ptr, !llvm.ptr, !llvm.ptr) -> !llvm.ptr
  func.func private @dora_fn_sstore(!llvm.ptr, !llvm.ptr, !llvm.ptr, i64) -> !llvm.ptr
  func.func private @dora_fn_append_log(!llvm.ptr, i64, i64)
  func.func private @dora_fn_append_log_with_one_topic(!llvm.ptr, i64, i64, !llvm.ptr)
  func.func private @dora_fn_append_log_with_two_topics(!llvm.ptr, i64, i64, !llvm.ptr, !llvm.ptr)
  func.func private @dora_fn_append_log_with_three_topics(!llvm.ptr, i64, i64, !llvm.ptr, !llvm.ptr, !llvm.ptr)
  func.func private @dora_fn_append_log_with_four_topics(!llvm.ptr, i64, i64, !llvm.ptr, !llvm.ptr, !llvm.ptr, !llvm.ptr)
  func.func private @dora_fn_origin(!llvm.ptr, !llvm.ptr)
  func.func private @dora_fn_coinbase(!llvm.ptr) -> !llvm.ptr
  func.func private @dora_fn_block_number(!llvm.ptr, !llvm.ptr)
  func.func private @dora_fn_extcodesize(!llvm.ptr, !llvm.ptr) -> !llvm.ptr
  func.func private @dora_fn_address(!llvm.ptr) -> !llvm.ptr
  func.func private @dora_fn_prevrando(!llvm.ptr, !llvm.ptr)
  func.func private @dora_fn_store_in_timestamp_ptr(!llvm.ptr, !llvm.ptr)
  func.func private @dora_fn_store_in_basefee_ptr(!llvm.ptr, !llvm.ptr)
  func.func private @dora_fn_store_in_balance(!llvm.ptr, !llvm.ptr) -> !llvm.ptr
  func.func private @dora_fn_ext_code_copy(!llvm.ptr, !llvm.ptr, !llvm.ptr, i64, i64) -> !llvm.ptr
  func.func private @dora_fn_blob_hash(!llvm.ptr, !llvm.ptr)
  func.func private @dora_fn_block_hash(!llvm.ptr, !llvm.ptr) -> !llvm.ptr
  func.func private @dora_fn_ext_code_hash(!llvm.ptr, !llvm.ptr) -> !llvm.ptr
  func.func private @dora_fn_eofcreate(!llvm.ptr, i8, i64, i64, !llvm.ptr, i64, !llvm.ptr) -> !llvm.ptr
  func.func private @dora_fn_returncontract(!llvm.ptr, i8, i64, i64, i64, i64, i8) -> !llvm.ptr
  func.func private @dora_fn_call(!llvm.ptr, !llvm.ptr, !llvm.ptr, !llvm.ptr, i64, i64, i64, i64, i64, i8) -> !llvm.ptr
  func.func private @dora_fn_create(!llvm.ptr, i64, i64, !llvm.ptr, i64) -> !llvm.ptr
  func.func private @dora_fn_create2(!llvm.ptr, i64, i64, !llvm.ptr, i64, !llvm.ptr) -> !llvm.ptr
  func.func private @dora_fn_extcall_addr_validate(!llvm.ptr, !llvm.ptr) -> i8
  func.func private @dora_fn_extcall(!llvm.ptr, !llvm.ptr, !llvm.ptr, i64, i64, i64, i8) -> !llvm.ptr
  func.func private @dora_fn_returndata(!llvm.ptr) -> !llvm.ptr
  func.func private @dora_fn_returndata_size(!llvm.ptr) -> i64
  func.func private @dora_fn_returndata_copy(!llvm.ptr, i64, !llvm.ptr, i64) -> !llvm.ptr
  func.func private @dora_fn_selfdestruct(!llvm.ptr, !llvm.ptr) -> !llvm.ptr
  func.func private @dora_fn_tload(!llvm.ptr, !llvm.ptr, !llvm.ptr)
  func.func private @dora_fn_tstore(!llvm.ptr, !llvm.ptr, !llvm.ptr)
  func.func private @dora_fn_func_stack_push(!llvm.ptr, i64, i64) -> i8
  func.func private @dora_fn_func_stack_pop(!llvm.ptr) -> i64
  func.func private @dora_fn_func_stack_grow(!llvm.ptr)
  func.func private @dora_fn_set_resume(!llvm.ptr, i32)
  func.func private @dora_fn_get_resume(!llvm.ptr) -> i32
  func.func public @call(%arg0: !llvm.ptr, %arg1: !llvm.ptr, %arg2: !llvm.ptr, %arg3: !llvm.ptr) -> i8 attributes {llvm.emit_c_interface} {
    %c16 = arith.constant 16 : index
    %0 = call @dora_u256_map_new(%c16) : (index) -> memref<?x3xi256>
    %c0_i64 = arith.constant 0 : i64
    %1 = llvm.alloca %c0_i64 x !llvm.ptr : (i64) -> !llvm.ptr
    llvm.store %arg2, %1 : !llvm.ptr, !llvm.ptr
    cf.br ^bb16
  ^bb1(%2: i8):  // 20 preds: ^bb6, ^bb7, ^bb8, ^bb9, ^bb10, ^bb11, ^bb12, ^bb13, ^bb14, ^bb15, ^bb17, ^bb20, ^bb23, ^bb26, ^bb29, ^bb32, ^bb35, ^bb38, ^bb41, ^bb44
    %c0_i64_0 = arith.constant 0 : i64
    %3 = llvm.load %arg1 : !llvm.ptr -> i64
    call @dora_fn_write_result(%arg0, %c0_i64_0, %c0_i64_0, %3, %2) : (!llvm.ptr, i64, i64, i64, i8) -> ()
    return %2 : i8
  ^bb2(%4: i256):  // no predecessors
    llvm.unreachable
  ^bb3(%5: i8):  // no predecessors
    return %5 : i8
  ^bb4(%6: i32):  // no predecessors
    llvm.unreachable
  ^bb5:  // no predecessors
    llvm.unreachable
  ^bb6:  // pred: ^bb16
    %7 = llvm.load %arg1 : !llvm.ptr -> i64
    %c3_i64 = arith.constant 3 : i64
    call @dora_fn_nop() : () -> ()
    %8 = arith.cmpi uge, %7, %c3_i64 : i64
    %c80_i8 = arith.constant 80 : i8
    cf.cond_br %8, ^bb18, ^bb1(%c80_i8 : i8)
  ^bb7:  // pred: ^bb19
    %9 = llvm.load %arg1 : !llvm.ptr -> i64
    %c3_i64_1 = arith.constant 3 : i64
    call @dora_fn_nop() : () -> ()
    %10 = arith.cmpi uge, %9, %c3_i64_1 : i64
    %c80_i8_2 = arith.constant 80 : i8
    cf.cond_br %10, ^bb21, ^bb1(%c80_i8_2 : i8)
  ^bb8:  // pred: ^bb22
    %11 = llvm.load %arg1 : !llvm.ptr -> i64
    %c0_i64_3 = arith.constant 0 : i64
    call @dora_fn_nop() : () -> ()
    %12 = arith.cmpi uge, %11, %c0_i64_3 : i64
    %c80_i8_4 = arith.constant 80 : i8
    cf.cond_br %12, ^bb24, ^bb1(%c80_i8_4 : i8)
  ^bb9:  // pred: ^bb25
    %13 = llvm.load %arg1 : !llvm.ptr -> i64
    %c3_i64_5 = arith.constant 3 : i64
    call @dora_fn_nop() : () -> ()
    %14 = arith.cmpi uge, %13, %c3_i64_5 : i64
    %c80_i8_6 = arith.constant 80 : i8
    cf.cond_br %14, ^bb27, ^bb1(%c80_i8_6 : i8)
  ^bb10:  // pred: ^bb28
    %15 = llvm.load %arg1 : !llvm.ptr -> i64
    %c0_i64_7 = arith.constant 0 : i64
    call @dora_fn_nop() : () -> ()
    %16 = arith.cmpi uge, %15, %c0_i64_7 : i64
    %c80_i8_8 = arith.constant 80 : i8
    cf.cond_br %16, ^bb30, ^bb1(%c80_i8_8 : i8)
  ^bb11:  // pred: ^bb31
    %17 = llvm.load %arg1 : !llvm.ptr -> i64
    %c2_i64 = arith.constant 2 : i64
    call @dora_fn_nop() : () -> ()
    %18 = arith.cmpi uge, %17, %c2_i64 : i64
    %c80_i8_9 = arith.constant 80 : i8
    cf.cond_br %18, ^bb33, ^bb1(%c80_i8_9 : i8)
  ^bb12:  // pred: ^bb34
    %19 = llvm.load %arg1 : !llvm.ptr -> i64
    %c3_i64_10 = arith.constant 3 : i64
    call @dora_fn_nop() : () -> ()
    %20 = arith.cmpi uge, %19, %c3_i64_10 : i64
    %c80_i8_11 = arith.constant 80 : i8
    cf.cond_br %20, ^bb36, ^bb1(%c80_i8_11 : i8)
  ^bb13:  // pred: ^bb37
    %21 = llvm.load %arg1 : !llvm.ptr -> i64
    %c3_i64_12 = arith.constant 3 : i64
    call @dora_fn_nop() : () -> ()
    %22 = arith.cmpi uge, %21, %c3_i64_12 : i64
    %c80_i8_13 = arith.constant 80 : i8
    cf.cond_br %22, ^bb39, ^bb1(%c80_i8_13 : i8)
  ^bb14:  // pred: ^bb40
    %23 = llvm.load %arg1 : !llvm.ptr -> i64
    %c2_i64_14 = arith.constant 2 : i64
    call @dora_fn_nop() : () -> ()
    %24 = arith.cmpi uge, %23, %c2_i64_14 : i64
    %c80_i8_15 = arith.constant 80 : i8
    cf.cond_br %24, ^bb42, ^bb1(%c80_i8_15 : i8)
  ^bb15:  // pred: ^bb43
    %25 = llvm.load %arg1 : !llvm.ptr -> i64
    %c0_i64_16 = arith.constant 0 : i64
    call @dora_fn_nop() : () -> ()
    %26 = arith.cmpi uge, %25, %c0_i64_16 : i64
    %c80_i8_17 = arith.constant 80 : i8
    cf.cond_br %26, ^bb45, ^bb1(%c80_i8_17 : i8)
  ^bb16:  // pred: ^bb0
    cf.br ^bb6
  ^bb17:  // pred: ^bb18
    %c1024_i64 = arith.constant 1024 : i64
    %27 = llvm.load %arg3 : !llvm.ptr -> i64
    %c1_i64 = arith.constant 1 : i64
    %28 = arith.addi %27, %c1_i64 : i64
    llvm.store %28, %arg3 : i64, !llvm.ptr
    %29 = arith.cmpi ult, %c1024_i64, %28 : i64
    %c92_i8 = arith.constant 92 : i8
    cf.cond_br %29, ^bb1(%c92_i8 : i8), ^bb19
  ^bb18:  // pred: ^bb6
    %30 = arith.subi %7, %c3_i64 : i64
    llvm.store %30, %arg1 : i64, !llvm.ptr
    cf.br ^bb17
  ^bb19:  // pred: ^bb17
    %c100_i256 = arith.constant 100 : i256
    %31 = llvm.load %1 : !llvm.ptr -> !llvm.ptr
    llvm.store %c100_i256, %31 : i256, !llvm.ptr
    %32 = llvm.getelementptr %31[1] : (!llvm.ptr) -> !llvm.ptr, i256
    llvm.store %32, %1 : !llvm.ptr, !llvm.ptr
    cf.br ^bb7
  ^bb20:  // pred: ^bb21
    %c1024_i64_18 = arith.constant 1024 : i64
    %33 = llvm.load %arg3 : !llvm.ptr -> i64
    %c1_i64_19 = arith.constant 1 : i64
    %34 = arith.addi %33, %c1_i64_19 : i64
    llvm.store %34, %arg3 : i64, !llvm.ptr
    %35 = arith.cmpi ult, %c1024_i64_18, %34 : i64
    %c92_i8_20 = arith.constant 92 : i8
    cf.cond_br %35, ^bb1(%c92_i8_20 : i8), ^bb22
  ^bb21:  // pred: ^bb7
    %36 = arith.subi %9, %c3_i64_1 : i64
    llvm.store %36, %arg1 : i64, !llvm.ptr
    cf.br ^bb20
  ^bb22:  // pred: ^bb20
    %c0_i256 = arith.constant 0 : i256
    %37 = llvm.load %1 : !llvm.ptr -> !llvm.ptr
    llvm.store %c0_i256, %37 : i256, !llvm.ptr
    %38 = llvm.getelementptr %37[1] : (!llvm.ptr) -> !llvm.ptr, i256
    llvm.store %38, %1 : !llvm.ptr, !llvm.ptr
    cf.br ^bb8
  ^bb23:  // pred: ^bb24
    %c1024_i64_21 = arith.constant 1024 : i64
    %39 = llvm.load %arg3 : !llvm.ptr -> i64
    %c-2_i64 = arith.constant -2 : i64
    %40 = arith.addi %39, %c-2_i64 : i64
    llvm.store %40, %arg3 : i64, !llvm.ptr
    %c2_i64_22 = arith.constant 2 : i64
    %41 = arith.cmpi ult, %39, %c2_i64_22 : i64
    %c91_i8 = arith.constant 91 : i8
    cf.cond_br %41, ^bb1(%c91_i8 : i8), ^bb25
  ^bb24:  // pred: ^bb8
    %42 = arith.subi %11, %c0_i64_3 : i64
    llvm.store %42, %arg1 : i64, !llvm.ptr
    cf.br ^bb23
  ^bb25:  // pred: ^bb23
    %43 = llvm.load %1 : !llvm.ptr -> !llvm.ptr
    %44 = llvm.getelementptr %43[-1] : (!llvm.ptr) -> !llvm.ptr, i256
    %45 = llvm.load %44 : !llvm.ptr -> i256
    llvm.store %44, %1 : !llvm.ptr, !llvm.ptr
    %46 = llvm.load %1 : !llvm.ptr -> !llvm.ptr
    %47 = llvm.getelementptr %46[-1] : (!llvm.ptr) -> !llvm.ptr, i256
    %48 = llvm.load %47 : !llvm.ptr -> i256
    llvm.store %47, %1 : !llvm.ptr, !llvm.ptr
    %49 = call @dora_u256_map_insert(%0, %45, %48) : (memref<?x3xi256>, i256, i256) -> memref<?x3xi256>
    "dora.sstore"(%45, %48) : (i256, i256) -> ()
    cf.br ^bb9
  ^bb26:  // pred: ^bb27
    %c1024_i64_23 = arith.constant 1024 : i64
    %50 = llvm.load %arg3 : !llvm.ptr -> i64
    %c1_i64_24 = arith.constant 1 : i64
    %51 = arith.addi %50, %c1_i64_24 : i64
    llvm.store %51, %arg3 : i64, !llvm.ptr
    %52 = arith.cmpi ult, %c1024_i64_23, %51 : i64
    %c92_i8_25 = arith.constant 92 : i8
    cf.cond_br %52, ^bb1(%c92_i8_25 : i8), ^bb28
  ^bb27:  // pred: ^bb9
    %53 = arith.subi %13, %c3_i64_5 : i64
    llvm.store %53, %arg1 : i64, !llvm.ptr
    cf.br ^bb26
  ^bb28:  // pred: ^bb26
    %c0_i256_26 = arith.constant 0 : i256
    %54 = llvm.load %1 : !llvm.ptr -> !llvm.ptr
    llvm.store %c0_i256_26, %54 : i256, !llvm.ptr
    %55 = llvm.getelementptr %54[1] : (!llvm.ptr) -> !llvm.ptr, i256
    llvm.store %55, %1 : !llvm.ptr, !llvm.ptr
    cf.br ^bb10
  ^bb29:  // pred: ^bb30
    %c1024_i64_27 = arith.constant 1024 : i64
    %56 = llvm.load %arg3 : !llvm.ptr -> i64
    %c0_i64_28 = arith.constant 0 : i64
    %57 = arith.addi %56, %c0_i64_28 : i64
    llvm.store %57, %arg3 : i64, !llvm.ptr
    %c1_i64_29 = arith.constant 1 : i64
    %58 = arith.cmpi ult, %56, %c1_i64_29 : i64
    %c91_i8_30 = arith.constant 91 : i8
    cf.cond_br %58, ^bb1(%c91_i8_30 : i8), ^bb31
  ^bb30:  // pred: ^bb10
    %59 = arith.subi %15, %c0_i64_7 : i64
    llvm.store %59, %arg1 : i64, !llvm.ptr
    cf.br ^bb29
  ^bb31:  // pred: ^bb29
    %60 = llvm.load %1 : !llvm.ptr -> !llvm.ptr
    %61 = llvm.getelementptr %60[-1] : (!llvm.ptr) -> !llvm.ptr, i256
    %62 = llvm.load %61 : !llvm.ptr -> i256
    llvm.store %61, %1 : !llvm.ptr, !llvm.ptr
    %63:2 = call @dora_u256_map_get(%49, %62) : (memref<?x3xi256>, i256) -> (i256, i1)
    %64 = scf.if %63#1 -> (i256) {
      scf.yield %63#0 : i256
    } else {
      %106 = "dora.sload"(%62) : (i256) -> i256
      scf.yield %106 : i256
    }
    %65 = llvm.load %1 : !llvm.ptr -> !llvm.ptr
    llvm.store %64, %65 : i256, !llvm.ptr
    %66 = llvm.getelementptr %65[1] : (!llvm.ptr) -> !llvm.ptr, i256
    llvm.store %66, %1 : !llvm.ptr, !llvm.ptr
    cf.br ^bb11
  ^bb32:  // pred: ^bb33
    %c1024_i64_31 = arith.constant 1024 : i64
    %67 = llvm.load %arg3 : !llvm.ptr -> i64
    %c1_i64_32 = arith.constant 1 : i64
    %68 = arith.addi %67, %c1_i64_32 : i64
    llvm.store %68, %arg3 : i64, !llvm.ptr
    %69 = arith.cmpi ult, %c1024_i64_31, %68 : i64
    %c92_i8_33 = arith.constant 92 : i8
    cf.cond_br %69, ^bb1(%c92_i8_33 : i8), ^bb34
  ^bb33:  // pred: ^bb11
    %70 = arith.subi %17, %c2_i64 : i64
    llvm.store %70, %arg1 : i64, !llvm.ptr
    cf.br ^bb32
  ^bb34:  // pred: ^bb32
    %c0_i256_34 = arith.constant 0 : i256
    %71 = llvm.load %1 : !llvm.ptr -> !llvm.ptr
    llvm.store %c0_i256_34, %71 : i256, !llvm.ptr
    %72 = llvm.getelementptr %71[1] : (!llvm.ptr) -> !llvm.ptr, i256
    llvm.store %72, %1 : !llvm.ptr, !llvm.ptr
    cf.br ^bb12
  ^bb35:  // pred: ^bb36
    %c1024_i64_35 = arith.constant 1024 : i64
    %73 = llvm.load %arg3 : !llvm.ptr -> i64
    %c-2_i64_36 = arith.constant -2 : i64
    %74 = arith.addi %73, %c-2_i64_36 : i64
    llvm.store %74, %arg3 : i64, !llvm.ptr
    %c2_i64_37 = arith.constant 2 : i64
    %75 = arith.cmpi ult, %73, %c2_i64_37 : i64
    %c91_i8_38 = arith.constant 91 : i8
    cf.cond_br %75, ^bb1(%c91_i8_38 : i8), ^bb37
  ^bb36:  // pred: ^bb12
    %76 = arith.subi %19, %c3_i64_10 : i64
    llvm.store %76, %arg1 : i64, !llvm.ptr
    cf.br ^bb35
  ^bb37:  // pred: ^bb35
    %77 = llvm.load %1 : !llvm.ptr -> !llvm.ptr
    %78 = llvm.getelementptr %77[-1] : (!llvm.ptr) -> !llvm.ptr, i256
    %79 = llvm.load %78 : !llvm.ptr -> i256
    llvm.store %78, %1 : !llvm.ptr, !llvm.ptr
    %80 = llvm.load %1 : !llvm.ptr -> !llvm.ptr
    %81 = llvm.getelementptr %80[-1] : (!llvm.ptr) -> !llvm.ptr, i256
    %82 = llvm.load %81 : !llvm.ptr -> i256
    llvm.store %81, %1 : !llvm.ptr, !llvm.ptr
    "dora.mstore"(%79, %82) : (i256, i256) -> ()
    cf.br ^bb13
  ^bb38:  // pred: ^bb39
    %c1024_i64_39 = arith.constant 1024 : i64
    %83 = llvm.load %arg3 : !llvm.ptr -> i64
    %c1_i64_40 = arith.constant 1 : i64
    %84 = arith.addi %83, %c1_i64_40 : i64
    llvm.store %84, %arg3 : i64, !llvm.ptr
    %85 = arith.cmpi ult, %c1024_i64_39, %84 : i64
    %c92_i8_41 = arith.constant 92 : i8
    cf.cond_br %85, ^bb1(%c92_i8_41 : i8), ^bb40
  ^bb39:  // pred: ^bb13
    %86 = arith.subi %21, %c3_i64_12 : i64
    llvm.store %86, %arg1 : i64, !llvm.ptr
    cf.br ^bb38
  ^bb40:  // pred: ^bb38
    %c32_i256 = arith.constant 32 : i256
    %87 = llvm.load %1 : !llvm.ptr -> !llvm.ptr
    llvm.store %c32_i256, %87 : i256, !llvm.ptr
    %88 = llvm.getelementptr %87[1] : (!llvm.ptr) -> !llvm.ptr, i256
    llvm.store %88, %1 : !llvm.ptr, !llvm.ptr
    cf.br ^bb14
  ^bb41:  // pred: ^bb42
    %c1024_i64_42 = arith.constant 1024 : i64
    %89 = llvm.load %arg3 : !llvm.ptr -> i64
    %c1_i64_43 = arith.constant 1 : i64
    %90 = arith.addi %89, %c1_i64_43 : i64
    llvm.store %90, %arg3 : i64, !llvm.ptr
    %91 = arith.cmpi ult, %c1024_i64_42, %90 : i64
    %c92_i8_44 = arith.constant 92 : i8
    cf.cond_br %91, ^bb1(%c92_i8_44 : i8), ^bb43
  ^bb42:  // pred: ^bb14
    %92 = arith.subi %23, %c2_i64_14 : i64
    llvm.store %92, %arg1 : i64, !llvm.ptr
    cf.br ^bb41
  ^bb43:  // pred: ^bb41
    %c0_i256_45 = arith.constant 0 : i256
    %93 = llvm.load %1 : !llvm.ptr -> !llvm.ptr
    llvm.store %c0_i256_45, %93 : i256, !llvm.ptr
    %94 = llvm.getelementptr %93[1] : (!llvm.ptr) -> !llvm.ptr, i256
    llvm.store %94, %1 : !llvm.ptr, !llvm.ptr
    cf.br ^bb15
  ^bb44:  // pred: ^bb45
    %c1024_i64_46 = arith.constant 1024 : i64
    %95 = llvm.load %arg3 : !llvm.ptr -> i64
    %c-2_i64_47 = arith.constant -2 : i64
    %96 = arith.addi %95, %c-2_i64_47 : i64
    llvm.store %96, %arg3 : i64, !llvm.ptr
    %c2_i64_48 = arith.constant 2 : i64
    %97 = arith.cmpi ult, %95, %c2_i64_48 : i64
    %c91_i8_49 = arith.constant 91 : i8
    cf.cond_br %97, ^bb1(%c91_i8_49 : i8), ^bb46
  ^bb45:  // pred: ^bb15
    %98 = arith.subi %25, %c0_i64_16 : i64
    llvm.store %98, %arg1 : i64, !llvm.ptr
    cf.br ^bb44
  ^bb46:  // pred: ^bb44
    %99 = llvm.load %1 : !llvm.ptr -> !llvm.ptr
    %100 = llvm.getelementptr %99[-1] : (!llvm.ptr) -> !llvm.ptr, i256
    %101 = llvm.load %100 : !llvm.ptr -> i256
    llvm.store %100, %1 : !llvm.ptr, !llvm.ptr
    %102 = llvm.load %1 : !llvm.ptr -> !llvm.ptr
    %103 = llvm.getelementptr %102[-1] : (!llvm.ptr) -> !llvm.ptr, i256
    %104 = llvm.load %103 : !llvm.ptr -> i256
    llvm.store %103, %1 : !llvm.ptr, !llvm.ptr
    "dora.return"(%101, %104) : (i256, i256) -> ()
  ^bb47:  // no predecessors
    cf.br ^bb48
  ^bb48:  // pred: ^bb47
    %c0_i64_50 = arith.constant 0 : i64
    %c2_i8 = arith.constant 2 : i8
    %105 = llvm.load %arg1 : !llvm.ptr -> i64
    call @dora_fn_write_result(%arg0, %c0_i64_50, %c0_i64_50, %105, %c2_i8) : (!llvm.ptr, i64, i64, i64, i8) -> ()
    return %c2_i8 : i8
  }
}
