---
source: crates/dora-compiler/src/dora/tests/operations.rs
expression: op
snapshot_kind: text
---
module {
  llvm.mlir.global internal @dora_global_memory_ptr() {addr_space = 0 : i32} : !llvm.ptr
  llvm.mlir.global internal @dora_global_memory_size() {addr_space = 0 : i32} : i64
  func.func private @dora_fn_nop()
  func.func private @dora_fn_tracing(!llvm.ptr, i8, i64, !llvm.ptr, !llvm.ptr)
  func.func private @dora_fn_write_result(!llvm.ptr, i64, i64, i64, i8)
  func.func private @dora_fn_is_static(!llvm.ptr) -> i8
  func.func private @dora_fn_exp(!llvm.ptr, !llvm.ptr, !llvm.ptr)
  func.func private @dora_fn_keccak256_hasher(!llvm.ptr, i64, i64, !llvm.ptr)
  func.func private @dora_fn_calldata(!llvm.ptr) -> !llvm.ptr
  func.func private @dora_fn_calldata_copy(!llvm.ptr, i64, !llvm.ptr, i64)
  func.func private @dora_fn_calldata_size(!llvm.ptr) -> i64
  func.func private @dora_fn_chainid(!llvm.ptr) -> i64
  func.func private @dora_fn_callvalue(!llvm.ptr, !llvm.ptr)
  func.func private @dora_fn_caller(!llvm.ptr, !llvm.ptr)
  func.func private @dora_fn_store_in_gasprice_ptr(!llvm.ptr, !llvm.ptr)
  func.func private @dora_fn_store_in_selfbalance_ptr(!llvm.ptr, !llvm.ptr) -> !llvm.ptr
  func.func private @dora_fn_store_in_blobbasefee_ptr(!llvm.ptr, !llvm.ptr)
  func.func private @dora_fn_store_in_gaslimit_ptr(!llvm.ptr, !llvm.ptr)
  func.func private @dora_fn_extend_memory(!llvm.ptr, i64) -> !llvm.ptr
  func.func private @dora_fn_code_copy(!llvm.ptr, !llvm.ptr, i64, i64)
  func.func private @dora_fn_sload(!llvm.ptr, !llvm.ptr, !llvm.ptr) -> !llvm.ptr
  func.func private @dora_fn_sstore(!llvm.ptr, !llvm.ptr, !llvm.ptr, i64) -> !llvm.ptr
  func.func private @dora_fn_append_log(!llvm.ptr, i64, i64)
  func.func private @dora_fn_append_log_with_one_topic(!llvm.ptr, i64, i64, !llvm.ptr)
  func.func private @dora_fn_append_log_with_two_topics(!llvm.ptr, i64, i64, !llvm.ptr, !llvm.ptr)
  func.func private @dora_fn_append_log_with_three_topics(!llvm.ptr, i64, i64, !llvm.ptr, !llvm.ptr, !llvm.ptr)
  func.func private @dora_fn_append_log_with_four_topics(!llvm.ptr, i64, i64, !llvm.ptr, !llvm.ptr, !llvm.ptr, !llvm.ptr)
  func.func private @dora_fn_origin(!llvm.ptr, !llvm.ptr)
  func.func private @dora_fn_coinbase(!llvm.ptr) -> !llvm.ptr
  func.func private @dora_fn_block_number(!llvm.ptr, !llvm.ptr)
  func.func private @dora_fn_extcodesize(!llvm.ptr, !llvm.ptr) -> !llvm.ptr
  func.func private @dora_fn_address(!llvm.ptr) -> !llvm.ptr
  func.func private @dora_fn_prevrando(!llvm.ptr, !llvm.ptr)
  func.func private @dora_fn_store_in_timestamp_ptr(!llvm.ptr, !llvm.ptr)
  func.func private @dora_fn_store_in_basefee_ptr(!llvm.ptr, !llvm.ptr)
  func.func private @dora_fn_call(!llvm.ptr, !llvm.ptr, !llvm.ptr, !llvm.ptr, i64, i64, i64, i64, i64, i8) -> !llvm.ptr
  func.func private @dora_fn_store_in_balance(!llvm.ptr, !llvm.ptr) -> !llvm.ptr
  func.func private @dora_fn_ext_code_copy(!llvm.ptr, !llvm.ptr, !llvm.ptr, i64, i64) -> !llvm.ptr
  func.func private @dora_fn_blob_hash(!llvm.ptr, !llvm.ptr)
  func.func private @dora_fn_block_hash(!llvm.ptr, !llvm.ptr) -> !llvm.ptr
  func.func private @dora_fn_ext_code_hash(!llvm.ptr, !llvm.ptr) -> !llvm.ptr
  func.func private @dora_fn_create(!llvm.ptr, i64, i64, !llvm.ptr, i64) -> !llvm.ptr
  func.func private @dora_fn_create2(!llvm.ptr, i64, i64, !llvm.ptr, i64, !llvm.ptr) -> !llvm.ptr
  func.func private @dora_fn_returndata_size(!llvm.ptr) -> i64
  func.func private @dora_fn_returndata_copy(!llvm.ptr, i64, !llvm.ptr, i64) -> !llvm.ptr
  func.func private @dora_fn_selfdestruct(!llvm.ptr, !llvm.ptr) -> !llvm.ptr
  func.func private @dora_fn_tload(!llvm.ptr, !llvm.ptr, !llvm.ptr)
  func.func private @dora_fn_tstore(!llvm.ptr, !llvm.ptr, !llvm.ptr)
  func.func public @main(%arg0: !llvm.ptr, %arg1: !llvm.ptr, %arg2: !llvm.ptr, %arg3: !llvm.ptr) -> i8 attributes {llvm.emit_c_interface} {
    %c0_i64 = arith.constant 0 : i64
    %0 = llvm.mlir.addressof @dora_global_memory_size : !llvm.ptr
    llvm.store %c0_i64, %0 : i64, !llvm.ptr
    cf.br ^bb5
  ^bb1(%1: i8):  // 15 preds: ^bb2, ^bb4, ^bb5, ^bb9, ^bb10, ^bb13, ^bb14, ^bb18, ^bb21, ^bb22, ^bb26, ^bb27, ^bb30, ^bb31, ^bb35
    %c0_i64_0 = arith.constant 0 : i64
    %2 = llvm.load %arg1 : !llvm.ptr -> i64
    call @dora_fn_write_result(%arg0, %c0_i64_0, %c0_i64_0, %2, %1) : (!llvm.ptr, i64, i64, i64, i8) -> ()
    return %1 : i8
  ^bb2(%3: i256):  // 2 preds: ^bb7, ^bb24
    %c89_i8 = arith.constant 89 : i8
    cf.switch %3 : i256, [
      default: ^bb1(%c89_i8 : i8),
      4: ^bb18,
      5: ^bb35
    ]
  ^bb3:  // pred: ^bb4
    %c4_i256 = arith.constant 4 : i256
    %4 = llvm.load %arg3 : !llvm.ptr -> i64
    %5 = llvm.getelementptr %arg2[%4] : (!llvm.ptr, i64) -> !llvm.ptr, i256
    %c1_i64 = arith.constant 1 : i64
    %6 = arith.addi %4, %c1_i64 : i64
    llvm.store %6, %arg3 : i64, !llvm.ptr
    llvm.store %c4_i256, %5 : i256, !llvm.ptr
    cf.br ^bb10
  ^bb4:  // pred: ^bb6
    %c1024_i64 = arith.constant 1024 : i64
    %7 = llvm.load %arg3 : !llvm.ptr -> i64
    %c1_i64_1 = arith.constant 1 : i64
    %8 = arith.addi %7, %c1_i64_1 : i64
    %9 = arith.cmpi ult, %c1024_i64, %8 : i64
    %c92_i8 = arith.constant 92 : i8
    cf.cond_br %9, ^bb1(%c92_i8 : i8), ^bb3
  ^bb5:  // pred: ^bb0
    %10 = llvm.load %arg1 : !llvm.ptr -> i64
    %c3_i64 = arith.constant 3 : i64
    call @dora_fn_nop() : () -> ()
    %11 = arith.cmpi uge, %10, %c3_i64 : i64
    %c80_i8 = arith.constant 80 : i8
    cf.cond_br %11, ^bb6, ^bb1(%c80_i8 : i8)
  ^bb6:  // pred: ^bb5
    %12 = arith.subi %10, %c3_i64 : i64
    llvm.store %12, %arg1 : i64, !llvm.ptr
    cf.br ^bb4
  ^bb7:  // pred: ^bb9
    %13 = llvm.load %arg3 : !llvm.ptr -> i64
    %c1_i64_2 = arith.constant 1 : i64
    %14 = arith.subi %13, %c1_i64_2 : i64
    %15 = llvm.getelementptr %arg2[%14] : (!llvm.ptr, i64) -> !llvm.ptr, i256
    llvm.store %14, %arg3 : i64, !llvm.ptr
    %16 = llvm.load %15 : !llvm.ptr -> i256
    cf.br ^bb2(%16 : i256)
  ^bb8:  // no predecessors
    cf.br ^bb14
  ^bb9:  // pred: ^bb11
    %c1024_i64_3 = arith.constant 1024 : i64
    %17 = llvm.load %arg3 : !llvm.ptr -> i64
    %c-1_i64 = arith.constant -1 : i64
    %18 = arith.addi %17, %c-1_i64 : i64
    %c1_i64_4 = arith.constant 1 : i64
    %19 = arith.cmpi ult, %17, %c1_i64_4 : i64
    %c91_i8 = arith.constant 91 : i8
    cf.cond_br %19, ^bb1(%c91_i8 : i8), ^bb7
  ^bb10:  // pred: ^bb3
    %20 = llvm.load %arg1 : !llvm.ptr -> i64
    %c8_i64 = arith.constant 8 : i64
    call @dora_fn_nop() : () -> ()
    %21 = arith.cmpi uge, %20, %c8_i64 : i64
    %c80_i8_5 = arith.constant 80 : i8
    cf.cond_br %21, ^bb11, ^bb1(%c80_i8_5 : i8)
  ^bb11:  // pred: ^bb10
    %22 = arith.subi %20, %c8_i64 : i64
    llvm.store %22, %arg1 : i64, !llvm.ptr
    cf.br ^bb9
  ^bb12:  // pred: ^bb13
    %c99_i256 = arith.constant 99 : i256
    %23 = llvm.load %arg3 : !llvm.ptr -> i64
    %24 = llvm.getelementptr %arg2[%23] : (!llvm.ptr, i64) -> !llvm.ptr, i256
    %c1_i64_6 = arith.constant 1 : i64
    %25 = arith.addi %23, %c1_i64_6 : i64
    llvm.store %25, %arg3 : i64, !llvm.ptr
    llvm.store %c99_i256, %24 : i256, !llvm.ptr
    cf.br ^bb18
  ^bb13:  // pred: ^bb15
    %c1024_i64_7 = arith.constant 1024 : i64
    %26 = llvm.load %arg3 : !llvm.ptr -> i64
    %c1_i64_8 = arith.constant 1 : i64
    %27 = arith.addi %26, %c1_i64_8 : i64
    %28 = arith.cmpi ult, %c1024_i64_7, %27 : i64
    %c92_i8_9 = arith.constant 92 : i8
    cf.cond_br %28, ^bb1(%c92_i8_9 : i8), ^bb12
  ^bb14:  // pred: ^bb8
    %29 = llvm.load %arg1 : !llvm.ptr -> i64
    %c3_i64_10 = arith.constant 3 : i64
    call @dora_fn_nop() : () -> ()
    %30 = arith.cmpi uge, %29, %c3_i64_10 : i64
    %c80_i8_11 = arith.constant 80 : i8
    cf.cond_br %30, ^bb15, ^bb1(%c80_i8_11 : i8)
  ^bb15:  // pred: ^bb14
    %31 = arith.subi %29, %c3_i64_10 : i64
    llvm.store %31, %arg1 : i64, !llvm.ptr
    cf.br ^bb13
  ^bb16:  // pred: ^bb17
    cf.br ^bb22
  ^bb17:  // pred: ^bb19
    %c1024_i64_12 = arith.constant 1024 : i64
    %32 = llvm.load %arg3 : !llvm.ptr -> i64
    %c0_i64_13 = arith.constant 0 : i64
    %33 = arith.addi %32, %c0_i64_13 : i64
    cf.br ^bb16
  ^bb18:  // 2 preds: ^bb2, ^bb12
    %34 = llvm.load %arg1 : !llvm.ptr -> i64
    %c1_i64_14 = arith.constant 1 : i64
    call @dora_fn_nop() : () -> ()
    %35 = arith.cmpi uge, %34, %c1_i64_14 : i64
    %c80_i8_15 = arith.constant 80 : i8
    cf.cond_br %35, ^bb19, ^bb1(%c80_i8_15 : i8)
  ^bb19:  // pred: ^bb18
    %36 = arith.subi %34, %c1_i64_14 : i64
    llvm.store %36, %arg1 : i64, !llvm.ptr
    cf.br ^bb17
  ^bb20:  // pred: ^bb21
    %c42_i256 = arith.constant 42 : i256
    %37 = llvm.load %arg3 : !llvm.ptr -> i64
    %38 = llvm.getelementptr %arg2[%37] : (!llvm.ptr, i64) -> !llvm.ptr, i256
    %c1_i64_16 = arith.constant 1 : i64
    %39 = arith.addi %37, %c1_i64_16 : i64
    llvm.store %39, %arg3 : i64, !llvm.ptr
    llvm.store %c42_i256, %38 : i256, !llvm.ptr
    cf.br ^bb27
  ^bb21:  // pred: ^bb23
    %c1024_i64_17 = arith.constant 1024 : i64
    %40 = llvm.load %arg3 : !llvm.ptr -> i64
    %c1_i64_18 = arith.constant 1 : i64
    %41 = arith.addi %40, %c1_i64_18 : i64
    %42 = arith.cmpi ult, %c1024_i64_17, %41 : i64
    %c92_i8_19 = arith.constant 92 : i8
    cf.cond_br %42, ^bb1(%c92_i8_19 : i8), ^bb20
  ^bb22:  // pred: ^bb16
    %43 = llvm.load %arg1 : !llvm.ptr -> i64
    %c3_i64_20 = arith.constant 3 : i64
    call @dora_fn_nop() : () -> ()
    %44 = arith.cmpi uge, %43, %c3_i64_20 : i64
    %c80_i8_21 = arith.constant 80 : i8
    cf.cond_br %44, ^bb23, ^bb1(%c80_i8_21 : i8)
  ^bb23:  // pred: ^bb22
    %45 = arith.subi %43, %c3_i64_20 : i64
    llvm.store %45, %arg1 : i64, !llvm.ptr
    cf.br ^bb21
  ^bb24:  // pred: ^bb26
    %46 = llvm.load %arg3 : !llvm.ptr -> i64
    %c1_i64_22 = arith.constant 1 : i64
    %47 = arith.subi %46, %c1_i64_22 : i64
    %48 = llvm.getelementptr %arg2[%47] : (!llvm.ptr, i64) -> !llvm.ptr, i256
    llvm.store %47, %arg3 : i64, !llvm.ptr
    %49 = llvm.load %48 : !llvm.ptr -> i256
    cf.br ^bb2(%49 : i256)
  ^bb25:  // no predecessors
    cf.br ^bb31
  ^bb26:  // pred: ^bb28
    %c1024_i64_23 = arith.constant 1024 : i64
    %50 = llvm.load %arg3 : !llvm.ptr -> i64
    %c-1_i64_24 = arith.constant -1 : i64
    %51 = arith.addi %50, %c-1_i64_24 : i64
    %c1_i64_25 = arith.constant 1 : i64
    %52 = arith.cmpi ult, %50, %c1_i64_25 : i64
    %c91_i8_26 = arith.constant 91 : i8
    cf.cond_br %52, ^bb1(%c91_i8_26 : i8), ^bb24
  ^bb27:  // pred: ^bb20
    %53 = llvm.load %arg1 : !llvm.ptr -> i64
    %c8_i64_27 = arith.constant 8 : i64
    call @dora_fn_nop() : () -> ()
    %54 = arith.cmpi uge, %53, %c8_i64_27 : i64
    %c80_i8_28 = arith.constant 80 : i8
    cf.cond_br %54, ^bb28, ^bb1(%c80_i8_28 : i8)
  ^bb28:  // pred: ^bb27
    %55 = arith.subi %53, %c8_i64_27 : i64
    llvm.store %55, %arg1 : i64, !llvm.ptr
    cf.br ^bb26
  ^bb29:  // pred: ^bb30
    %c4_i256_29 = arith.constant 4 : i256
    %56 = llvm.load %arg3 : !llvm.ptr -> i64
    %57 = llvm.getelementptr %arg2[%56] : (!llvm.ptr, i64) -> !llvm.ptr, i256
    %c1_i64_30 = arith.constant 1 : i64
    %58 = arith.addi %56, %c1_i64_30 : i64
    llvm.store %58, %arg3 : i64, !llvm.ptr
    llvm.store %c4_i256_29, %57 : i256, !llvm.ptr
    cf.br ^bb35
  ^bb30:  // pred: ^bb32
    %c1024_i64_31 = arith.constant 1024 : i64
    %59 = llvm.load %arg3 : !llvm.ptr -> i64
    %c1_i64_32 = arith.constant 1 : i64
    %60 = arith.addi %59, %c1_i64_32 : i64
    %61 = arith.cmpi ult, %c1024_i64_31, %60 : i64
    %c92_i8_33 = arith.constant 92 : i8
    cf.cond_br %61, ^bb1(%c92_i8_33 : i8), ^bb29
  ^bb31:  // pred: ^bb25
    %62 = llvm.load %arg1 : !llvm.ptr -> i64
    %c3_i64_34 = arith.constant 3 : i64
    call @dora_fn_nop() : () -> ()
    %63 = arith.cmpi uge, %62, %c3_i64_34 : i64
    %c80_i8_35 = arith.constant 80 : i8
    cf.cond_br %63, ^bb32, ^bb1(%c80_i8_35 : i8)
  ^bb32:  // pred: ^bb31
    %64 = arith.subi %62, %c3_i64_34 : i64
    llvm.store %64, %arg1 : i64, !llvm.ptr
    cf.br ^bb30
  ^bb33:  // pred: ^bb34
    cf.br ^bb37
  ^bb34:  // pred: ^bb36
    %c1024_i64_36 = arith.constant 1024 : i64
    %65 = llvm.load %arg3 : !llvm.ptr -> i64
    %c0_i64_37 = arith.constant 0 : i64
    %66 = arith.addi %65, %c0_i64_37 : i64
    cf.br ^bb33
  ^bb35:  // 2 preds: ^bb2, ^bb29
    %67 = llvm.load %arg1 : !llvm.ptr -> i64
    %c1_i64_38 = arith.constant 1 : i64
    call @dora_fn_nop() : () -> ()
    %68 = arith.cmpi uge, %67, %c1_i64_38 : i64
    %c80_i8_39 = arith.constant 80 : i8
    cf.cond_br %68, ^bb36, ^bb1(%c80_i8_39 : i8)
  ^bb36:  // pred: ^bb35
    %69 = arith.subi %67, %c1_i64_38 : i64
    llvm.store %69, %arg1 : i64, !llvm.ptr
    cf.br ^bb34
  ^bb37:  // pred: ^bb33
    %c0_i64_40 = arith.constant 0 : i64
    %c1_i8 = arith.constant 1 : i8
    %70 = llvm.load %arg1 : !llvm.ptr -> i64
    call @dora_fn_write_result(%arg0, %c0_i64_40, %c0_i64_40, %70, %c1_i8) : (!llvm.ptr, i64, i64, i64, i8) -> ()
    return %c1_i8 : i8
  }
}
